Archive member included because of file (symbol)

C:\Users\nukem419\AppData\Local\V.Micro\Arduino\Builds\IREC_2017\chipKIT_chipkit_pic32_fubarino_sd/core.a(crti.S.o)
                              C:\Users\nukem419\AppData\Local\Temp\ccQDZXfk.o (_init)
C:\Users\nukem419\AppData\Local\V.Micro\Arduino\Builds\IREC_2017\chipKIT_chipkit_pic32_fubarino_sd/core.a(task_manager.c.o)
                              C:\Users\nukem419\AppData\Local\V.Micro\Arduino\Builds\IREC_2017\chipKIT_chipkit_pic32_fubarino_sd\Wire\Wire.cpp.o (getTaskId)
C:\Users\nukem419\AppData\Local\V.Micro\Arduino\Builds\IREC_2017\chipKIT_chipkit_pic32_fubarino_sd/core.a(wiring.c.o)
                              C:\Users\nukem419\AppData\Local\V.Micro\Arduino\Builds\IREC_2017\chipKIT_chipkit_pic32_fubarino_sd\SD\utility\Sd2Card.cpp.o (millis)
C:\Users\nukem419\AppData\Local\V.Micro\Arduino\Builds\IREC_2017\chipKIT_chipkit_pic32_fubarino_sd/core.a(wiring_digital.c.o)
                              C:\Users\nukem419\AppData\Local\V.Micro\Arduino\Builds\IREC_2017\chipKIT_chipkit_pic32_fubarino_sd\SD\utility\Sd2Card.cpp.o (pinMode)
C:\Users\nukem419\AppData\Local\V.Micro\Arduino\Builds\IREC_2017\chipKIT_chipkit_pic32_fubarino_sd/core.a(WSystem.c.o)
                              C:\Users\nukem419\AppData\Local\V.Micro\Arduino\Builds\IREC_2017\chipKIT_chipkit_pic32_fubarino_sd/core.a(wiring.c.o) (initIntVector)
C:\Users\nukem419\AppData\Local\V.Micro\Arduino\Builds\IREC_2017\chipKIT_chipkit_pic32_fubarino_sd/core.a(HardwareSerial.cpp.o)
                              C:\Users\nukem419\AppData\Local\V.Micro\Arduino\Builds\IREC_2017\chipKIT_chipkit_pic32_fubarino_sd\IREC_2017.cpp.o (HardwareSerial::available())
C:\Users\nukem419\AppData\Local\V.Micro\Arduino\Builds\IREC_2017\chipKIT_chipkit_pic32_fubarino_sd/core.a(main.cpp.o)
                              C:\Users\nukem419\AppData\Local\Temp\ccQDZXfk.o (main)
C:\Users\nukem419\AppData\Local\V.Micro\Arduino\Builds\IREC_2017\chipKIT_chipkit_pic32_fubarino_sd/core.a(Print.cpp.o)
                              C:\Users\nukem419\AppData\Local\V.Micro\Arduino\Builds\IREC_2017\chipKIT_chipkit_pic32_fubarino_sd\SD\File.cpp.o (Print::write(unsigned char const*, unsigned long))
C:\Users\nukem419\AppData\Local\V.Micro\Arduino\Builds\IREC_2017\chipKIT_chipkit_pic32_fubarino_sd/core.a(Stream.cpp.o)
                              C:\Users\nukem419\AppData\Local\V.Micro\Arduino\Builds\IREC_2017\chipKIT_chipkit_pic32_fubarino_sd\IREC_2017.cpp.o (Stream::readBytes(char*, unsigned long))
C:\Users\nukem419\AppData\Local\V.Micro\Arduino\Builds\IREC_2017\chipKIT_chipkit_pic32_fubarino_sd/core.a(WString.cpp.o)
                              C:\Users\nukem419\AppData\Local\V.Micro\Arduino\Builds\IREC_2017\chipKIT_chipkit_pic32_fubarino_sd\EM_506.cpp.o (String::~String())
C:\Users\nukem419\AppData\Local\V.Micro\Arduino\Builds\IREC_2017\chipKIT_chipkit_pic32_fubarino_sd/core.a(vector_table.S.o)
                              C:\Users\nukem419\AppData\Local\V.Micro\Arduino\Builds\IREC_2017\chipKIT_chipkit_pic32_fubarino_sd/core.a(main.cpp.o) (__use_isr_install)
C:\Users\nukem419\AppData\Local\V.Micro\Arduino\Builds\IREC_2017\chipKIT_chipkit_pic32_fubarino_sd/core.a(HardwareSerial_cdcacm.c.o)
                              C:\Users\nukem419\AppData\Local\V.Micro\Arduino\Builds\IREC_2017\chipKIT_chipkit_pic32_fubarino_sd/core.a(HardwareSerial.cpp.o) (gCdcacm_active)
C:\Users\nukem419\AppData\Local\V.Micro\Arduino\Builds\IREC_2017\chipKIT_chipkit_pic32_fubarino_sd/core.a(HardwareSerial_usb.c.o)
                              C:\Users\nukem419\AppData\Local\V.Micro\Arduino\Builds\IREC_2017\chipKIT_chipkit_pic32_fubarino_sd/core.a(HardwareSerial_cdcacm.c.o) (usb_device_enqueue)
C:\Users\nukem419\AppData\Local\V.Micro\Arduino\Builds\IREC_2017\chipKIT_chipkit_pic32_fubarino_sd/core.a(pins_arduino.c.o)
                              C:\Users\nukem419\AppData\Local\V.Micro\Arduino\Builds\IREC_2017\chipKIT_chipkit_pic32_fubarino_sd/core.a(wiring.c.o) (_board_init)
C:\Users\nukem419\AppData\Local\V.Micro\Arduino\Builds\IREC_2017\chipKIT_chipkit_pic32_fubarino_sd/core.a(wiring_analog.c.o)
                              C:\Users\nukem419\AppData\Local\V.Micro\Arduino\Builds\IREC_2017\chipKIT_chipkit_pic32_fubarino_sd/core.a(wiring_digital.c.o) (turnOffPWM)
C:\Users\nukem419\AppData\Local\V.Micro\Arduino\Builds\IREC_2017\chipKIT_chipkit_pic32_fubarino_sd/core.a(doprnt.cpp.o)
                              C:\Users\nukem419\AppData\Local\V.Micro\Arduino\Builds\IREC_2017\chipKIT_chipkit_pic32_fubarino_sd/core.a(Print.cpp.o) (_doprnt(char const*, void*, Print*))
c:/users/nukem419/appdata/local/arduino15/packages/chipkit/tools/pic32-tools/1.42-pic32gcc/bin/bin/../../lib/gcc/pic32mx/4.8.3/../../../../pic32mx/lib/size\libsupc++.a(class_type_info.o)
                              C:\Users\nukem419\AppData\Local\V.Micro\Arduino\Builds\IREC_2017\chipKIT_chipkit_pic32_fubarino_sd/core.a(Print.cpp.o) (vtable for __cxxabiv1::__class_type_info)
[...]
Memory Configuration

Name             Origin             Length             Attributes
exception_mem    0x9d000000         0x00001000
kseg0_program_mem 0x9d001000         0x0007e000         xr
kseg0_eeprom_mem 0x9d07f000         0x00001000
kseg0_boot_mem   0x9fc00490         0x00000000
kseg1_boot_mem   0xbfc00000         0x00000000
debug_exec_mem   0xbfc02000         0x00000000
config3          0xbfc02ff0         0x00000004
config2          0xbfc02ff4         0x00000004
config1          0xbfc02ff8         0x00000004
config0          0xbfc02ffc         0x00000004
kseg1_data_mem   0xa0000000         0x00020000         w !x
sfrs             0xbf800000         0x00100000
configsfrs       0xbfc02ff0         0x00000010
*default*        0x00000000         0xffffffff

Linker script and memory map

                0x00000001                _DEBUGGER = 0x1
LOAD C:\Users\nukem419\AppData\Local\Temp\ccQDZXfk.o
LOAD C:\Users\nukem419\AppData\Local\V.Micro\Arduino\Builds\IREC_2017\chipKIT_chipkit_pic32_fubarino_sd\SD\File.cpp.o
LOAD C:\Users\nukem419\AppData\Local\V.Micro\Arduino\Builds\IREC_2017\chipKIT_chipkit_pic32_fubarino_sd\SD\SD.cpp.o
LOAD C:\Users\nukem419\AppData\Local\V.Micro\Arduino\Builds\IREC_2017\chipKIT_chipkit_pic32_fubarino_sd\SD\utility\Sd2Card.cpp.o
LOAD C:\Users\nukem419\AppData\Local\V.Micro\Arduino\Builds\IREC_2017\chipKIT_chipkit_pic32_fubarino_sd\SD\utility\SdFile.cpp.o
LOAD C:\Users\nukem419\AppData\Local\V.Micro\Arduino\Builds\IREC_2017\chipKIT_chipkit_pic32_fubarino_sd\SD\utility\SdVolume.cpp.o
LOAD C:\Users\nukem419\AppData\Local\V.Micro\Arduino\Builds\IREC_2017\chipKIT_chipkit_pic32_fubarino_sd\Wire\Wire.cpp.o
LOAD C:\Users\nukem419\AppData\Local\V.Micro\Arduino\Builds\IREC_2017\chipKIT_chipkit_pic32_fubarino_sd\IREC_2017.cpp.o
LOAD C:\Users\nukem419\AppData\Local\V.Micro\Arduino\Builds\IREC_2017\chipKIT_chipkit_pic32_fubarino_sd\BMP180.cpp.o
LOAD C:\Users\nukem419\AppData\Local\V.Micro\Arduino\Builds\IREC_2017\chipKIT_chipkit_pic32_fubarino_sd\DataLogger.cpp.o
LOAD C:\Users\nukem419\AppData\Local\V.Micro\Arduino\Builds\IREC_2017\chipKIT_chipkit_pic32_fubarino_sd\EM_506.cpp.o
LOAD C:\Users\nukem419\AppData\Local\V.Micro\Arduino\Builds\IREC_2017\chipKIT_chipkit_pic32_fubarino_sd\L3GD20TR.cpp.o
LOAD C:\Users\nukem419\AppData\Local\V.Micro\Arduino\Builds\IREC_2017\chipKIT_chipkit_pic32_fubarino_sd\LIS331HH.cpp.o
LOAD C:\Users\nukem419\AppData\Local\V.Micro\Arduino\Builds\IREC_2017\chipKIT_chipkit_pic32_fubarino_sd\Parameters.cpp.o
LOAD C:\Users\nukem419\AppData\Local\V.Micro\Arduino\Builds\IREC_2017\chipKIT_chipkit_pic32_fubarino_sd\WSU_mavlink.cpp.o
LOAD C:\Users\nukem419\AppData\Local\V.Micro\Arduino\Builds\IREC_2017\chipKIT_chipkit_pic32_fubarino_sd/core.a
LOAD c:/users/nukem419/appdata/local/arduino15/packages/chipkit/tools/pic32-tools/1.42-pic32gcc/bin/bin/../../lib/gcc/pic32mx/4.8.3/../../../../pic32mx/lib/size\libsupc++.a
LOAD c:/users/nukem419/appdata/local/arduino15/packages/chipkit/tools/pic32-tools/1.42-pic32gcc/bin/bin/../../lib/gcc/pic32mx/4.8.3/../../../../pic32mx/lib/size\libm.a
                0x00000800                PROVIDE (_min_stack_size, 0x800)
                0x00008000                PROVIDE (_min_heap_size, 0x8000)
LOAD c:/users/nukem419/appdata/local/arduino15/packages/chipkit/tools/pic32-tools/1.42-pic32gcc/bin/bin/../../lib/gcc/pic32mx/4.8.3/../../../../pic32mx/lib/./proc/32MX795F512H\processor.o
START GROUP
LOAD libmchp_peripheral_32MX795F512L.a
END GROUP
                0x9d000000                _ebase_address = ORIGIN (exception_mem)
                0x9d0000f8                _IMAGE_PTR_TABLE = (_ebase_address + 0xf8)
                0x9d0000fc                _IMAGE_HEADER_ADDR = (_ebase_address + 0xfc)
                0x9d000180                _GEN_EXCPT_ADDR = (_ebase_address + 0x180)
                0x9d001000                _RESET_ADDR = ORIGIN (kseg0_program_mem)
                0x9d07f000                _EEPROM_ADDR = ORIGIN (kseg0_eeprom_mem)
                0xbfc00380                _BEV_EXCPT_ADDR = 0xbfc00380
                0xbfc00480                _DBG_EXCPT_ADDR = 0xbfc00480
                0xbfc02000                _DBG_CODE_ADDR = ORIGIN (debug_exec_mem)
                0x00000000                _imageReserved = 0x0
                0x00000001                _imageMPIDE = 0x1
                0x00000002                _imageBootFlashBootloader = 0x2
                0x00000004                _imageProgramFlashBootloader = 0x4
                0x00000008                _imageSplitFlashBootloader = 0x8
                0x00010000                _imageFullFlashEraseLess4KEEProm = 0x10000
                0x00020000                _imageJustInTimeFlashErase = 0x20000
                0x00040000                _imageLinkerSpecifiedFlashErase = 0x40000
                0x00080000                _imageFullFlashErase = 0x80000
                0x01000000                _imageExecutionJumpAddress = 0x1000000
                0x02000000                _imageExecutionJumpToFirstInFlash = 0x2000000
                0x01020001                _IMAGE_TYPE = ((_imageMPIDE | _imageJustInTimeFlashErase) | _imageExecutionJumpAddress)
                0x0007f000                _IMAGE_FLASH_SIZE = 0x7f000
                0x9d001000                _JUMP_ADDR = _RESET_ADDR

.reset          0x9d001000        0x8
 *(.reset)
 .reset         0x9d001000        0x8 C:\Users\nukem419\AppData\Local\Temp\ccQDZXfk.o
                0x9d001000                _reset
                0x00000001                PROVIDE (_vector_spacing, 0x1)
LOAD c:/users/nukem419/appdata/local/arduino15/packages/chipkit/tools/pic32-tools/1.42-pic32gcc/bin/bin/../../lib/gcc/pic32mx/4.8.3/size\crtbegin.o
LOAD c:/users/nukem419/appdata/local/arduino15/packages/chipkit/tools/pic32-tools/1.42-pic32gcc/bin/bin/../../lib/gcc/pic32mx/4.8.3/size\crtend.o
LOAD c:/users/nukem419/appdata/local/arduino15/packages/chipkit/tools/pic32-tools/1.42-pic32gcc/bin/bin/../../lib/gcc/pic32mx/4.8.3/size\crtn.o
START GROUP
LOAD libmchp_peripheral.a
END GROUP

/DISCARD/
 *(.config_*)
 *(.bev_handler)
 *(.pdr)
 *(.reginfo)
 *(.rel.dyn)
 *(.note.GNU-stack)
 *(.note.GNU-stack)
 *(.gnu_debuglink)
 *(.gnu.lto_*)
 *(.discard)

.eeprom_pic32
 *(.eeprom_pic32 .eeprom_pic32.*)

.image_ptr_table
                0x9d0000f8        0x8
                0x9d0000f8        0x4 LONG 0x9d000000 _ebase_address
                0x9d0000fc        0x4 LONG 0x9d001640 _image_header_info

.app_excpt      0x9d000180       0x10
 *(.gen_handler)
 .gen_handler   0x9d000180       0x10 C:\Users\nukem419\AppData\Local\Temp\ccQDZXfk.o

.vector_0       0x9d000200       0x14
                0x9d000200                _new_vector_0 = .
 *(.vector_new_0)
 .vector_new_0  0x9d000200       0x14 C:\Users\nukem419\AppData\Local\V.Micro\Arduino\Builds\IREC_2017\chipKIT_chipkit_pic32_fubarino_sd/core.a(vector_table.S.o)
                0x9d000200                __vector_0
                0x9d000214                _original_vector_0 = .
 *(.vector_0)
                0x00000001                ASSERT (((_vector_spacing == 0x0) || (SIZEOF (.vector_0) <= (_vector_spacing << 0x5))), function at exception vector 0 too large)

.vector_1       0x9d000220       0x14
 *(.vector_new_1)
 .vector_new_1  0x9d000220       0x14 C:\Users\nukem419\AppData\Local\V.Micro\Arduino\Builds\IREC_2017\chipKIT_chipkit_pic32_fubarino_sd/core.a(vector_table.S.o)
                0x9d000220                __vector_1
 *(.vector_1)
                0x00000001                ASSERT (((_vector_spacing == 0x0) || (SIZEOF (.vector_1) <= (_vector_spacing << 0x5))), function at exception vector 1 too large)

.vector_2       0x9d000240       0x14
 *(.vector_new_2)
 .vector_new_2  0x9d000240       0x14 C:\Users\nukem419\AppData\Local\V.Micro\Arduino\Builds\IREC_2017\chipKIT_chipkit_pic32_fubarino_sd/core.a(vector_table.S.o)
                0x9d000240                __vector_2
 *(.vector_2)
                0x00000001                ASSERT (((_vector_spacing == 0x0) || (SIZEOF (.vector_2) <= (_vector_spacing << 0x5))), function at exception vector 2 too large)

.vector_3       0x9d000260       0x14
 *(.vector_new_3)
 .vector_new_3  0x9d000260       0x14 C:\Users\nukem419\AppData\Local\V.Micro\Arduino\Builds\IREC_2017\chipKIT_chipkit_pic32_fubarino_sd/core.a(vector_table.S.o)
                0x9d000260                __vector_3
 *(.vector_3)
                0x00000001                ASSERT (((_vector_spacing == 0x0) || (SIZEOF (.vector_3) <= (_vector_spacing << 0x5))), function at exception vector 3 too large)

.vector_4       0x9d000280       0x14
 *(.vector_new_4)
 .vector_new_4  0x9d000280       0x14 C:\Users\nukem419\AppData\Local\V.Micro\Arduino\Builds\IREC_2017\chipKIT_chipkit_pic32_fubarino_sd/core.a(vector_table.S.o)
                0x9d000280                __vector_4
 *(.vector_4)
                0x00000001                ASSERT (((_vector_spacing == 0x0) || (SIZEOF (.vector_4) <= (_vector_spacing << 0x5))), function at exception vector 4 too large)

.vector_5       0x9d0002a0       0x14
 *(.vector_new_5)
 .vector_new_5  0x9d0002a0       0x14 C:\Users\nukem419\AppData\Local\V.Micro\Arduino\Builds\IREC_2017\chipKIT_chipkit_pic32_fubarino_sd/core.a(vector_table.S.o)
                0x9d0002a0                __vector_5
 *(.vector_5)
                0x00000001                ASSERT (((_vector_spacing == 0x0) || (SIZEOF (.vector_5) <= (_vector_spacing << 0x5))), function at exception vector 5 too large)

.vector_6       0x9d0002c0       0x14
 *(.vector_new_6)
 .vector_new_6  0x9d0002c0       0x14 C:\Users\nukem419\AppData\Local\V.Micro\Arduino\Builds\IREC_2017\chipKIT_chipkit_pic32_fubarino_sd/core.a(vector_table.S.o)
                0x9d0002c0                __vector_6
 *(.vector_6)
                0x00000001                ASSERT (((_vector_spacing == 0x0) || (SIZEOF (.vector_6) <= (_vector_spacing << 0x5))), function at exception vector 6 too large)

.vector_7       0x9d0002e0       0x14
 *(.vector_new_7)
 .vector_new_7  0x9d0002e0       0x14 C:\Users\nukem419\AppData\Local\V.Micro\Arduino\Builds\IREC_2017\chipKIT_chipkit_pic32_fubarino_sd/core.a(vector_table.S.o)
                0x9d0002e0                __vector_7
 *(.vector_7)
                0x00000001                ASSERT (((_vector_spacing == 0x0) || (SIZEOF (.vector_7) <= (_vector_spacing << 0x5))), function at exception vector 7 too large)

.vector_8       0x9d000300       0x14
 *(.vector_new_8)
 .vector_new_8  0x9d000300       0x14 C:\Users\nukem419\AppData\Local\V.Micro\Arduino\Builds\IREC_2017\chipKIT_chipkit_pic32_fubarino_sd/core.a(vector_table.S.o)
                0x9d000300                __vector_8
 *(.vector_8)
                0x00000001                ASSERT (((_vector_spacing == 0x0) || (SIZEOF (.vector_8) <= (_vector_spacing << 0x5))), function at exception vector 8 too large)

.vector_9       0x9d000320       0x14
 *(.vector_new_9)
 .vector_new_9  0x9d000320       0x14 C:\Users\nukem419\AppData\Local\V.Micro\Arduino\Builds\IREC_2017\chipKIT_chipkit_pic32_fubarino_sd/core.a(vector_table.S.o)
                0x9d000320                __vector_9
 *(.vector_9)
                0x00000001                ASSERT (((_vector_spacing == 0x0) || (SIZEOF (.vector_9) <= (_vector_spacing << 0x5))), function at exception vector 9 too large)

.vector_10      0x9d000340       0x14
 *(.vector_new_10)
 .vector_new_10
                0x9d000340       0x14 C:\Users\nukem419\AppData\Local\V.Micro\Arduino\Builds\IREC_2017\chipKIT_chipkit_pic32_fubarino_sd/core.a(vector_table.S.o)
                0x9d000340                __vector_10
 *(.vector_10)
                0x00000001                ASSERT (((_vector_spacing == 0x0) || (SIZEOF (.vector_10) <= (_vector_spacing << 0x5))), function at exception vector 10 too large)

.vector_11      0x9d000360       0x14
 *(.vector_new_11)
 .vector_new_11
                0x9d000360       0x14 C:\Users\nukem419\AppData\Local\V.Micro\Arduino\Builds\IREC_2017\chipKIT_chipkit_pic32_fubarino_sd/core.a(vector_table.S.o)
                0x9d000360                __vector_11
 *(.vector_11)
                0x00000001                ASSERT (((_vector_spacing == 0x0) || (SIZEOF (.vector_11) <= (_vector_spacing << 0x5))), function at exception vector 11 too large)

.vector_12      0x9d000380       0x14
 *(.vector_new_12)
 .vector_new_12
                0x9d000380       0x14 C:\Users\nukem419\AppData\Local\V.Micro\Arduino\Builds\IREC_2017\chipKIT_chipkit_pic32_fubarino_sd/core.a(vector_table.S.o)
                0x9d000380                __vector_12
 *(.vector_12)
                0x00000001                ASSERT (((_vector_spacing == 0x0) || (SIZEOF (.vector_12) <= (_vector_spacing << 0x5))), function at exception vector 12 too large)

.vector_13      0x9d0003a0       0x14
 *(.vector_new_13)
 .vector_new_13
                0x9d0003a0       0x14 C:\Users\nukem419\AppData\Local\V.Micro\Arduino\Builds\IREC_2017\chipKIT_chipkit_pic32_fubarino_sd/core.a(vector_table.S.o)
                0x9d0003a0                __vector_13
 *(.vector_13)
                0x00000001                ASSERT (((_vector_spacing == 0x0) || (SIZEOF (.vector_13) <= (_vector_spacing << 0x5))), function at exception vector 13 too large)

.vector_14      0x9d0003c0       0x14
 *(.vector_new_14)
 .vector_new_14
                0x9d0003c0       0x14 C:\Users\nukem419\AppData\Local\V.Micro\Arduino\Builds\IREC_2017\chipKIT_chipkit_pic32_fubarino_sd/core.a(vector_table.S.o)
                0x9d0003c0                __vector_14
 *(.vector_14)
                0x00000001                ASSERT (((_vector_spacing == 0x0) || (SIZEOF (.vector_14) <= (_vector_spacing << 0x5))), function at exception vector 14 too large)

.vector_15      0x9d0003e0       0x14
 *(.vector_new_15)
 .vector_new_15
                0x9d0003e0       0x14 C:\Users\nukem419\AppData\Local\V.Micro\Arduino\Builds\IREC_2017\chipKIT_chipkit_pic32_fubarino_sd/core.a(vector_table.S.o)
                0x9d0003e0                __vector_15
 *(.vector_15)
                0x00000001                ASSERT (((_vector_spacing == 0x0) || (SIZEOF (.vector_15) <= (_vector_spacing << 0x5))), function at exception vector 15 too large)

.vector_16      0x9d000400       0x14
 *(.vector_new_16)
 .vector_new_16
                0x9d000400       0x14 C:\Users\nukem419\AppData\Local\V.Micro\Arduino\Builds\IREC_2017\chipKIT_chipkit_pic32_fubarino_sd/core.a(vector_table.S.o)
                0x9d000400                __vector_16
 *(.vector_16)
                0x00000001                ASSERT (((_vector_spacing == 0x0) || (SIZEOF (.vector_16) <= (_vector_spacing << 0x5))), function at exception vector 16 too large)

.vector_17      0x9d000420       0x14
 *(.vector_new_17)
 .vector_new_17
                0x9d000420       0x14 C:\Users\nukem419\AppData\Local\V.Micro\Arduino\Builds\IREC_2017\chipKIT_chipkit_pic32_fubarino_sd/core.a(vector_table.S.o)
                0x9d000420                __vector_17
 *(.vector_17)
                0x00000001                ASSERT (((_vector_spacing == 0x0) || (SIZEOF (.vector_17) <= (_vector_spacing << 0x5))), function at exception vector 17 too large)

.vector_18      0x9d000440       0x14
 *(.vector_new_18)
 .vector_new_18
                0x9d000440       0x14 C:\Users\nukem419\AppData\Local\V.Micro\Arduino\Builds\IREC_2017\chipKIT_chipkit_pic32_fubarino_sd/core.a(vector_table.S.o)
                0x9d000440                __vector_18
 *(.vector_18)
                0x00000001                ASSERT (((_vector_spacing == 0x0) || (SIZEOF (.vector_18) <= (_vector_spacing << 0x5))), function at exception vector 18 too large)

.vector_19      0x9d000460       0x14
 *(.vector_new_19)
 .vector_new_19
                0x9d000460       0x14 C:\Users\nukem419\AppData\Local\V.Micro\Arduino\Builds\IREC_2017\chipKIT_chipkit_pic32_fubarino_sd/core.a(vector_table.S.o)
                0x9d000460                __vector_19
 *(.vector_19)
                0x00000001                ASSERT (((_vector_spacing == 0x0) || (SIZEOF (.vector_19) <= (_vector_spacing << 0x5))), function at exception vector 19 too large)

.vector_20      0x9d000480       0x14
 *(.vector_new_20)
 .vector_new_20
                0x9d000480       0x14 C:\Users\nukem419\AppData\Local\V.Micro\Arduino\Builds\IREC_2017\chipKIT_chipkit_pic32_fubarino_sd/core.a(vector_table.S.o)
                0x9d000480                __vector_20
 *(.vector_20)
                0x00000001                ASSERT (((_vector_spacing == 0x0) || (SIZEOF (.vector_20) <= (_vector_spacing << 0x5))), function at exception vector 20 too large)

.vector_21      0x9d0004a0       0x14
 *(.vector_new_21)
 .vector_new_21
                0x9d0004a0       0x14 C:\Users\nukem419\AppData\Local\V.Micro\Arduino\Builds\IREC_2017\chipKIT_chipkit_pic32_fubarino_sd/core.a(vector_table.S.o)
                0x9d0004a0                __vector_21
 *(.vector_21)
                0x00000001                ASSERT (((_vector_spacing == 0x0) || (SIZEOF (.vector_21) <= (_vector_spacing << 0x5))), function at exception vector 21 too large)

.vector_22      0x9d0004c0       0x14
 *(.vector_new_22)
 .vector_new_22
                0x9d0004c0       0x14 C:\Users\nukem419\AppData\Local\V.Micro\Arduino\Builds\IREC_2017\chipKIT_chipkit_pic32_fubarino_sd/core.a(vector_table.S.o)
                0x9d0004c0                __vector_22
 *(.vector_22)
                0x00000001                ASSERT (((_vector_spacing == 0x0) || (SIZEOF (.vector_22) <= (_vector_spacing << 0x5))), function at exception vector 22 too large)

.vector_23      0x9d0004e0       0x14
 *(.vector_new_23)
 .vector_new_23
                0x9d0004e0       0x14 C:\Users\nukem419\AppData\Local\V.Micro\Arduino\Builds\IREC_2017\chipKIT_chipkit_pic32_fubarino_sd/core.a(vector_table.S.o)
                0x9d0004e0                __vector_23
 *(.vector_23)
                0x00000001                ASSERT (((_vector_spacing == 0x0) || (SIZEOF (.vector_23) <= (_vector_spacing << 0x5))), function at exception vector 23 too large)

.vector_24      0x9d000500       0x14
 *(.vector_new_24)
 .vector_new_24
                0x9d000500       0x14 C:\Users\nukem419\AppData\Local\V.Micro\Arduino\Builds\IREC_2017\chipKIT_chipkit_pic32_fubarino_sd/core.a(vector_table.S.o)
                0x9d000500                __vector_24
 *(.vector_24)
                0x00000001                ASSERT (((_vector_spacing == 0x0) || (SIZEOF (.vector_24) <= (_vector_spacing << 0x5))), function at exception vector 24 too large)

.vector_25      0x9d000520       0x14
 *(.vector_new_25)
 .vector_new_25
                0x9d000520       0x14 C:\Users\nukem419\AppData\Local\V.Micro\Arduino\Builds\IREC_2017\chipKIT_chipkit_pic32_fubarino_sd/core.a(vector_table.S.o)
                0x9d000520                __vector_25
 *(.vector_25)
                0x00000001                ASSERT (((_vector_spacing == 0x0) || (SIZEOF (.vector_25) <= (_vector_spacing << 0x5))), function at exception vector 25 too large)

.vector_26      0x9d000540       0x14
 *(.vector_new_26)
 .vector_new_26
                0x9d000540       0x14 C:\Users\nukem419\AppData\Local\V.Micro\Arduino\Builds\IREC_2017\chipKIT_chipkit_pic32_fubarino_sd/core.a(vector_table.S.o)
                0x9d000540                __vector_26
 *(.vector_26)
                0x00000001                ASSERT (((_vector_spacing == 0x0) || (SIZEOF (.vector_26) <= (_vector_spacing << 0x5))), function at exception vector 26 too large)

.vector_27      0x9d000560       0x14
 *(.vector_new_27)
 .vector_new_27
                0x9d000560       0x14 C:\Users\nukem419\AppData\Local\V.Micro\Arduino\Builds\IREC_2017\chipKIT_chipkit_pic32_fubarino_sd/core.a(vector_table.S.o)
                0x9d000560                __vector_27
 *(.vector_27)
                0x00000001                ASSERT (((_vector_spacing == 0x0) || (SIZEOF (.vector_27) <= (_vector_spacing << 0x5))), function at exception vector 27 too large)

.vector_28      0x9d000580       0x14
 *(.vector_new_28)
 .vector_new_28
                0x9d000580       0x14 C:\Users\nukem419\AppData\Local\V.Micro\Arduino\Builds\IREC_2017\chipKIT_chipkit_pic32_fubarino_sd/core.a(vector_table.S.o)
                0x9d000580                __vector_28
 *(.vector_28)
                0x00000001                ASSERT (((_vector_spacing == 0x0) || (SIZEOF (.vector_28) <= (_vector_spacing << 0x5))), function at exception vector 28 too large)

.vector_29      0x9d0005a0       0x14
 *(.vector_new_29)
 .vector_new_29
                0x9d0005a0       0x14 C:\Users\nukem419\AppData\Local\V.Micro\Arduino\Builds\IREC_2017\chipKIT_chipkit_pic32_fubarino_sd/core.a(vector_table.S.o)
                0x9d0005a0                __vector_29
 *(.vector_29)
                0x00000001                ASSERT (((_vector_spacing == 0x0) || (SIZEOF (.vector_29) <= (_vector_spacing << 0x5))), function at exception vector 29 too large)

.vector_30      0x9d0005c0       0x14
 *(.vector_new_30)
 .vector_new_30
                0x9d0005c0       0x14 C:\Users\nukem419\AppData\Local\V.Micro\Arduino\Builds\IREC_2017\chipKIT_chipkit_pic32_fubarino_sd/core.a(vector_table.S.o)
                0x9d0005c0                __vector_30
 *(.vector_30)
                0x00000001                ASSERT (((_vector_spacing == 0x0) || (SIZEOF (.vector_30) <= (_vector_spacing << 0x5))), function at exception vector 30 too large)

.vector_31      0x9d0005e0       0x14
 *(.vector_new_31)
 .vector_new_31
                0x9d0005e0       0x14 C:\Users\nukem419\AppData\Local\V.Micro\Arduino\Builds\IREC_2017\chipKIT_chipkit_pic32_fubarino_sd/core.a(vector_table.S.o)
                0x9d0005e0                __vector_31
 *(.vector_31)
                0x00000001                ASSERT (((_vector_spacing == 0x0) || (SIZEOF (.vector_31) <= (_vector_spacing << 0x5))), function at exception vector 31 too large)

.vector_32      0x9d000600       0x14
 *(.vector_new_32)
 .vector_new_32
                0x9d000600       0x14 C:\Users\nukem419\AppData\Local\V.Micro\Arduino\Builds\IREC_2017\chipKIT_chipkit_pic32_fubarino_sd/core.a(vector_table.S.o)
                0x9d000600                __vector_32
 *(.vector_32)
                0x00000001                ASSERT (((_vector_spacing == 0x0) || (SIZEOF (.vector_32) <= (_vector_spacing << 0x5))), function at exception vector 32 too large)

.vector_33      0x9d000620       0x14
 *(.vector_new_33)
 .vector_new_33
                0x9d000620       0x14 C:\Users\nukem419\AppData\Local\V.Micro\Arduino\Builds\IREC_2017\chipKIT_chipkit_pic32_fubarino_sd/core.a(vector_table.S.o)
                0x9d000620                __vector_33
 *(.vector_33)
                0x00000001                ASSERT (((_vector_spacing == 0x0) || (SIZEOF (.vector_33) <= (_vector_spacing << 0x5))), function at exception vector 33 too large)

.vector_34      0x9d000640       0x14
 *(.vector_new_34)
 .vector_new_34
                0x9d000640       0x14 C:\Users\nukem419\AppData\Local\V.Micro\Arduino\Builds\IREC_2017\chipKIT_chipkit_pic32_fubarino_sd/core.a(vector_table.S.o)
                0x9d000640                __vector_34
 *(.vector_34)
                0x00000001                ASSERT (((_vector_spacing == 0x0) || (SIZEOF (.vector_34) <= (_vector_spacing << 0x5))), function at exception vector 34 too large)

.vector_35      0x9d000660       0x14
 *(.vector_new_35)
 .vector_new_35
                0x9d000660       0x14 C:\Users\nukem419\AppData\Local\V.Micro\Arduino\Builds\IREC_2017\chipKIT_chipkit_pic32_fubarino_sd/core.a(vector_table.S.o)
                0x9d000660                __vector_35
 *(.vector_35)
                0x00000001                ASSERT (((_vector_spacing == 0x0) || (SIZEOF (.vector_35) <= (_vector_spacing << 0x5))), function at exception vector 35 too large)

.vector_36      0x9d000680       0x14
 *(.vector_new_36)
 .vector_new_36
                0x9d000680       0x14 C:\Users\nukem419\AppData\Local\V.Micro\Arduino\Builds\IREC_2017\chipKIT_chipkit_pic32_fubarino_sd/core.a(vector_table.S.o)
                0x9d000680                __vector_36
 *(.vector_36)
                0x00000001                ASSERT (((_vector_spacing == 0x0) || (SIZEOF (.vector_36) <= (_vector_spacing << 0x5))), function at exception vector 36 too large)

.vector_37      0x9d0006a0       0x14
 *(.vector_new_37)
 .vector_new_37
                0x9d0006a0       0x14 C:\Users\nukem419\AppData\Local\V.Micro\Arduino\Builds\IREC_2017\chipKIT_chipkit_pic32_fubarino_sd/core.a(vector_table.S.o)
                0x9d0006a0                __vector_37
 *(.vector_37)
                0x00000001                ASSERT (((_vector_spacing == 0x0) || (SIZEOF (.vector_37) <= (_vector_spacing << 0x5))), function at exception vector 37 too large)

.vector_38      0x9d0006c0       0x14
 *(.vector_new_38)
 .vector_new_38
                0x9d0006c0       0x14 C:\Users\nukem419\AppData\Local\V.Micro\Arduino\Builds\IREC_2017\chipKIT_chipkit_pic32_fubarino_sd/core.a(vector_table.S.o)
                0x9d0006c0                __vector_38
 *(.vector_38)
                0x00000001                ASSERT (((_vector_spacing == 0x0) || (SIZEOF (.vector_38) <= (_vector_spacing << 0x5))), function at exception vector 38 too large)

.vector_39      0x9d0006e0       0x14
 *(.vector_new_39)
 .vector_new_39
                0x9d0006e0       0x14 C:\Users\nukem419\AppData\Local\V.Micro\Arduino\Builds\IREC_2017\chipKIT_chipkit_pic32_fubarino_sd/core.a(vector_table.S.o)
                0x9d0006e0                __vector_39
 *(.vector_39)
                0x00000001                ASSERT (((_vector_spacing == 0x0) || (SIZEOF (.vector_39) <= (_vector_spacing << 0x5))), function at exception vector 39 too large)

.vector_40      0x9d000700       0x14
 *(.vector_new_40)
 .vector_new_40
                0x9d000700       0x14 C:\Users\nukem419\AppData\Local\V.Micro\Arduino\Builds\IREC_2017\chipKIT_chipkit_pic32_fubarino_sd/core.a(vector_table.S.o)
                0x9d000700                __vector_40
 *(.vector_40)
                0x00000001                ASSERT (((_vector_spacing == 0x0) || (SIZEOF (.vector_40) <= (_vector_spacing << 0x5))), function at exception vector 40 too large)

.vector_41      0x9d000720       0x14
 *(.vector_new_41)
 .vector_new_41
                0x9d000720       0x14 C:\Users\nukem419\AppData\Local\V.Micro\Arduino\Builds\IREC_2017\chipKIT_chipkit_pic32_fubarino_sd/core.a(vector_table.S.o)
                0x9d000720                __vector_41
 *(.vector_41)
                0x00000001                ASSERT (((_vector_spacing == 0x0) || (SIZEOF (.vector_41) <= (_vector_spacing << 0x5))), function at exception vector 41 too large)

.vector_42      0x9d000740       0x14
 *(.vector_new_42)
 .vector_new_42
                0x9d000740       0x14 C:\Users\nukem419\AppData\Local\V.Micro\Arduino\Builds\IREC_2017\chipKIT_chipkit_pic32_fubarino_sd/core.a(vector_table.S.o)
                0x9d000740                __vector_42
 *(.vector_42)
                0x00000001                ASSERT (((_vector_spacing == 0x0) || (SIZEOF (.vector_42) <= (_vector_spacing << 0x5))), function at exception vector 42 too large)

.vector_43      0x9d000760       0x14
 *(.vector_new_43)
 .vector_new_43
                0x9d000760       0x14 C:\Users\nukem419\AppData\Local\V.Micro\Arduino\Builds\IREC_2017\chipKIT_chipkit_pic32_fubarino_sd/core.a(vector_table.S.o)
                0x9d000760                __vector_43
 *(.vector_43)
                0x00000001                ASSERT (((_vector_spacing == 0x0) || (SIZEOF (.vector_43) <= (_vector_spacing << 0x5))), function at exception vector 43 too large)

.vector_44      0x9d000780       0x14
 *(.vector_new_44)
 .vector_new_44
                0x9d000780       0x14 C:\Users\nukem419\AppData\Local\V.Micro\Arduino\Builds\IREC_2017\chipKIT_chipkit_pic32_fubarino_sd/core.a(vector_table.S.o)
                0x9d000780                __vector_44
 *(.vector_44)
                0x00000001                ASSERT (((_vector_spacing == 0x0) || (SIZEOF (.vector_44) <= (_vector_spacing << 0x5))), function at exception vector 44 too large)

.vector_45      0x9d0007a0       0x1c
 *(.vector_new_45)
 .vector_new_45
                0x9d0007a0       0x14 C:\Users\nukem419\AppData\Local\V.Micro\Arduino\Builds\IREC_2017\chipKIT_chipkit_pic32_fubarino_sd/core.a(vector_table.S.o)
                0x9d0007a0                __vector_45
 *(.vector_45)
 .vector_45     0x9d0007b4        0x8 C:\Users\nukem419\AppData\Local\V.Micro\Arduino\Builds\IREC_2017\chipKIT_chipkit_pic32_fubarino_sd/core.a(HardwareSerial_usb.c.o)
                0x9d0007b4                __vector_dispatch_45
                0x00000001                ASSERT (((_vector_spacing == 0x0) || (SIZEOF (.vector_45) <= (_vector_spacing << 0x5))), function at exception vector 45 too large)

.vector_46      0x9d0007c0       0x14
 *(.vector_new_46)
 .vector_new_46
                0x9d0007c0       0x14 C:\Users\nukem419\AppData\Local\V.Micro\Arduino\Builds\IREC_2017\chipKIT_chipkit_pic32_fubarino_sd/core.a(vector_table.S.o)
                0x9d0007c0                __vector_46
 *(.vector_46)
                0x00000001                ASSERT (((_vector_spacing == 0x0) || (SIZEOF (.vector_46) <= (_vector_spacing << 0x5))), function at exception vector 46 too large)

.vector_47      0x9d0007e0       0x14
 *(.vector_new_47)
 .vector_new_47
                0x9d0007e0       0x14 C:\Users\nukem419\AppData\Local\V.Micro\Arduino\Builds\IREC_2017\chipKIT_chipkit_pic32_fubarino_sd/core.a(vector_table.S.o)
                0x9d0007e0                __vector_47
 *(.vector_47)
                0x00000001                ASSERT (((_vector_spacing == 0x0) || (SIZEOF (.vector_47) <= (_vector_spacing << 0x5))), function at exception vector 47 too large)

.vector_48      0x9d000800       0x14
 *(.vector_new_48)
 .vector_new_48
                0x9d000800       0x14 C:\Users\nukem419\AppData\Local\V.Micro\Arduino\Builds\IREC_2017\chipKIT_chipkit_pic32_fubarino_sd/core.a(vector_table.S.o)
                0x9d000800                __vector_48
 *(.vector_48)
                0x00000001                ASSERT (((_vector_spacing == 0x0) || (SIZEOF (.vector_48) <= (_vector_spacing << 0x5))), function at exception vector 48 too large)

.vector_49      0x9d000820       0x14
 *(.vector_new_49)
 .vector_new_49
                0x9d000820       0x14 C:\Users\nukem419\AppData\Local\V.Micro\Arduino\Builds\IREC_2017\chipKIT_chipkit_pic32_fubarino_sd/core.a(vector_table.S.o)
                0x9d000820                __vector_49
 *(.vector_49)
                0x00000001                ASSERT (((_vector_spacing == 0x0) || (SIZEOF (.vector_49) <= (_vector_spacing << 0x5))), function at exception vector 49 too large)

.vector_50      0x9d000840       0x14
 *(.vector_new_50)
 .vector_new_50
                0x9d000840       0x14 C:\Users\nukem419\AppData\Local\V.Micro\Arduino\Builds\IREC_2017\chipKIT_chipkit_pic32_fubarino_sd/core.a(vector_table.S.o)
                0x9d000840                __vector_50
 *(.vector_50)
                0x00000001                ASSERT (((_vector_spacing == 0x0) || (SIZEOF (.vector_50) <= (_vector_spacing << 0x5))), function at exception vector 50 too large)

.vector_51      0x9d000860       0x14
 *(.vector_new_51)
 .vector_new_51
                0x9d000860       0x14 C:\Users\nukem419\AppData\Local\V.Micro\Arduino\Builds\IREC_2017\chipKIT_chipkit_pic32_fubarino_sd/core.a(vector_table.S.o)
                0x9d000860                __vector_51
 *(.vector_51)
                0x00000001                ASSERT (((_vector_spacing == 0x0) || (SIZEOF (.vector_51) <= (_vector_spacing << 0x5))), function at exception vector 51 too large)

.vector_52      0x9d000880       0x14
 *(.vector_new_52)
 .vector_new_52
                0x9d000880       0x14 C:\Users\nukem419\AppData\Local\V.Micro\Arduino\Builds\IREC_2017\chipKIT_chipkit_pic32_fubarino_sd/core.a(vector_table.S.o)
                0x9d000880                __vector_52
 *(.vector_52)
                0x00000001                ASSERT (((_vector_spacing == 0x0) || (SIZEOF (.vector_52) <= (_vector_spacing << 0x5))), function at exception vector 52 too large)

.vector_53      0x9d0008a0       0x14
 *(.vector_new_53)
 .vector_new_53
                0x9d0008a0       0x14 C:\Users\nukem419\AppData\Local\V.Micro\Arduino\Builds\IREC_2017\chipKIT_chipkit_pic32_fubarino_sd/core.a(vector_table.S.o)
                0x9d0008a0                __vector_53
 *(.vector_53)
                0x00000001                ASSERT (((_vector_spacing == 0x0) || (SIZEOF (.vector_53) <= (_vector_spacing << 0x5))), function at exception vector 53 too large)

.vector_54      0x9d0008c0       0x14
 *(.vector_new_54)
 .vector_new_54
                0x9d0008c0       0x14 C:\Users\nukem419\AppData\Local\V.Micro\Arduino\Builds\IREC_2017\chipKIT_chipkit_pic32_fubarino_sd/core.a(vector_table.S.o)
                0x9d0008c0                __vector_54
 *(.vector_54)
                0x00000001                ASSERT (((_vector_spacing == 0x0) || (SIZEOF (.vector_54) <= (_vector_spacing << 0x5))), function at exception vector 54 too large)

.vector_55      0x9d0008e0       0x14
 *(.vector_new_55)
 .vector_new_55
                0x9d0008e0       0x14 C:\Users\nukem419\AppData\Local\V.Micro\Arduino\Builds\IREC_2017\chipKIT_chipkit_pic32_fubarino_sd/core.a(vector_table.S.o)
                0x9d0008e0                __vector_55
 *(.vector_55)
                0x00000001                ASSERT (((_vector_spacing == 0x0) || (SIZEOF (.vector_55) <= (_vector_spacing << 0x5))), function at exception vector 55 too large)

.vector_56      0x9d000900       0x14
 *(.vector_new_56)
 .vector_new_56
                0x9d000900       0x14 C:\Users\nukem419\AppData\Local\V.Micro\Arduino\Builds\IREC_2017\chipKIT_chipkit_pic32_fubarino_sd/core.a(vector_table.S.o)
                0x9d000900                __vector_56
 *(.vector_56)
                0x00000001                ASSERT (((_vector_spacing == 0x0) || (SIZEOF (.vector_56) <= (_vector_spacing << 0x5))), function at exception vector 56 too large)

.vector_57      0x9d000920       0x14
 *(.vector_new_57)
 .vector_new_57
                0x9d000920       0x14 C:\Users\nukem419\AppData\Local\V.Micro\Arduino\Builds\IREC_2017\chipKIT_chipkit_pic32_fubarino_sd/core.a(vector_table.S.o)
                0x9d000920                __vector_57
 *(.vector_57)
                0x00000001                ASSERT (((_vector_spacing == 0x0) || (SIZEOF (.vector_57) <= (_vector_spacing << 0x5))), function at exception vector 57 too large)

.vector_58      0x9d000940       0x14
 *(.vector_new_58)
 .vector_new_58
                0x9d000940       0x14 C:\Users\nukem419\AppData\Local\V.Micro\Arduino\Builds\IREC_2017\chipKIT_chipkit_pic32_fubarino_sd/core.a(vector_table.S.o)
                0x9d000940                __vector_58
 *(.vector_58)
                0x00000001                ASSERT (((_vector_spacing == 0x0) || (SIZEOF (.vector_58) <= (_vector_spacing << 0x5))), function at exception vector 58 too large)

.vector_59      0x9d000960       0x14
 *(.vector_new_59)
 .vector_new_59
                0x9d000960       0x14 C:\Users\nukem419\AppData\Local\V.Micro\Arduino\Builds\IREC_2017\chipKIT_chipkit_pic32_fubarino_sd/core.a(vector_table.S.o)
                0x9d000960                __vector_59
 *(.vector_59)
                0x00000001                ASSERT (((_vector_spacing == 0x0) || (SIZEOF (.vector_59) <= (_vector_spacing << 0x5))), function at exception vector 59 too large)

.vector_60      0x9d000980       0x14
 *(.vector_new_60)
 .vector_new_60
                0x9d000980       0x14 C:\Users\nukem419\AppData\Local\V.Micro\Arduino\Builds\IREC_2017\chipKIT_chipkit_pic32_fubarino_sd/core.a(vector_table.S.o)
                0x9d000980                __vector_60
 *(.vector_60)
                0x00000001                ASSERT (((_vector_spacing == 0x0) || (SIZEOF (.vector_60) <= (_vector_spacing << 0x5))), function at exception vector 60 too large)

.vector_61      0x9d0009a0       0x14
 *(.vector_new_61)
 .vector_new_61
                0x9d0009a0       0x14 C:\Users\nukem419\AppData\Local\V.Micro\Arduino\Builds\IREC_2017\chipKIT_chipkit_pic32_fubarino_sd/core.a(vector_table.S.o)
                0x9d0009a0                __vector_61
 *(.vector_61)
                0x00000001                ASSERT (((_vector_spacing == 0x0) || (SIZEOF (.vector_61) <= (_vector_spacing << 0x5))), function at exception vector 61 too large)

.vector_62      0x9d0009c0       0x14
 *(.vector_new_62)
 .vector_new_62
                0x9d0009c0       0x14 C:\Users\nukem419\AppData\Local\V.Micro\Arduino\Builds\IREC_2017\chipKIT_chipkit_pic32_fubarino_sd/core.a(vector_table.S.o)
                0x9d0009c0                __vector_62
 *(.vector_62)
                0x00000001                ASSERT (((_vector_spacing == 0x0) || (SIZEOF (.vector_62) <= (_vector_spacing << 0x5))), function at exception vector 62 too large)

.vector_63      0x9d0009e0       0x14
 *(.vector_new_63)
 .vector_new_63
                0x9d0009e0       0x14 C:\Users\nukem419\AppData\Local\V.Micro\Arduino\Builds\IREC_2017\chipKIT_chipkit_pic32_fubarino_sd/core.a(vector_table.S.o)
                0x9d0009e0                __vector_63
 *(.vector_63)
                0x00000001                ASSERT (((_vector_spacing == 0x0) || (SIZEOF (.vector_63) <= (_vector_spacing << 0x5))), function at exception vector 63 too large)

.startup        0x9d001008      0x200
 *(.startup)
 .startup       0x9d001008      0x200 C:\Users\nukem419\AppData\Local\Temp\ccQDZXfk.o

.text           0x9d001208      0x3dc
                0x9d001208                _text_begin = .
 *(.stub .gnu.linkonce.t.*)
 *(.text.*personality*)
 .text.__gxx_personality_sj0
                0x9d001208      0x3dc c:/users/nukem419/appdata/local/arduino15/packages/chipkit/tools/pic32-tools/1.42-pic32gcc/bin/bin/../../lib/gcc/pic32mx/4.8.3/../../../../pic32mx/lib/size\libsupc++.a(eh_personality.o)
                0x9d001208                __gxx_personality_sj0
 *(.mips16.fn.*)
 *(.mips16.call.*)
 *(.gnu.warning)
                0x9d0015e4                . = ALIGN (0x4)

.init           0x9d0015e4       0x24
 *crti.o(.init)
 *crtbegin.o(.init)
 .init          0x9d0015e4        0x8 c:/users/nukem419/appdata/local/arduino15/packages/chipkit/tools/pic32-tools/1.42-pic32gcc/bin/bin/../../lib/gcc/pic32mx/4.8.3/size\crtbegin.o
 *(EXCLUDE_FILE(*crtn.o *crtend?.o *crtend.o) .init)
 .init          0x9d0015ec        0x8 C:\Users\nukem419\AppData\Local\V.Micro\Arduino\Builds\IREC_2017\chipKIT_chipkit_pic32_fubarino_sd/core.a(crti.S.o)
                0x9d0015ec                _init
 *crtend.o(.init)
 .init          0x9d0015f4        0x8 c:/users/nukem419/appdata/local/arduino15/packages/chipkit/tools/pic32-tools/1.42-pic32gcc/bin/bin/../../lib/gcc/pic32mx/4.8.3/size\crtend.o
 *crtn.o(.init)
 .init          0x9d0015fc        0xc c:/users/nukem419/appdata/local/arduino15/packages/chipkit/tools/pic32-tools/1.42-pic32gcc/bin/bin/../../lib/gcc/pic32mx/4.8.3/size\crtn.o
                0x9d001608                . = ALIGN (0x4)

.fini           0x9d001608       0x1c
 *(.fini)
 .fini          0x9d001608        0x8 C:\Users\nukem419\AppData\Local\V.Micro\Arduino\Builds\IREC_2017\chipKIT_chipkit_pic32_fubarino_sd/core.a(crti.S.o)
                0x9d001608                _fini
 .fini          0x9d001610        0x8 c:/users/nukem419/appdata/local/arduino15/packages/chipkit/tools/pic32-tools/1.42-pic32gcc/bin/bin/../../lib/gcc/pic32mx/4.8.3/size\crtbegin.o
 .fini          0x9d001618        0xc c:/users/nukem419/appdata/local/arduino15/packages/chipkit/tools/pic32-tools/1.42-pic32gcc/bin/bin/../../lib/gcc/pic32mx/4.8.3/size\crtn.o
                0x9d001624                . = ALIGN (0x4)

.preinit_array  0x9d001624        0x0
                0x9d001624                PROVIDE (__preinit_array_start, .)
 *(.preinit_array)
                0x9d001624                . = ALIGN (0x4)
                0x9d001624                PROVIDE (__preinit_array_end, .)
 *(.preinit_array)
                0x9d001624                . = ALIGN (0x4)

.init_array     0x9d001624        0x0
                0x9d001624                PROVIDE (__init_array_start, .)
 *(SORT(.init_array.*))
 *(.init_array)
                0x9d001624                . = ALIGN (0x4)
                0x9d001624                PROVIDE (__init_array_end, .)

.fini_array     0x9d001624        0x0
                0x9d001624                PROVIDE (__fini_array_start, .)
 *(SORT(.fini_array.*))
 *(.fini_array)
                0x9d001624                . = ALIGN (0x4)
                0x9d001624                PROVIDE (__fini_array_end, .)

.ctors          0x9d001624       0x14
 *crtbegin.o(.ctors)
 .ctors         0x9d001624        0x4 c:/users/nukem419/appdata/local/arduino15/packages/chipkit/tools/pic32-tools/1.42-pic32gcc/bin/bin/../../lib/gcc/pic32mx/4.8.3/size\crtbegin.o
 *crtbegin?.o(.ctors)
 *(EXCLUDE_FILE(*crtend?.o *crtend.o) .ctors)
 .ctors         0x9d001628        0x4 C:\Users\nukem419\AppData\Local\V.Micro\Arduino\Builds\IREC_2017\chipKIT_chipkit_pic32_fubarino_sd\SD\SD.cpp.o
 .ctors         0x9d00162c        0x4 C:\Users\nukem419\AppData\Local\V.Micro\Arduino\Builds\IREC_2017\chipKIT_chipkit_pic32_fubarino_sd\Wire\Wire.cpp.o
 .ctors         0x9d001630        0x4 C:\Users\nukem419\AppData\Local\V.Micro\Arduino\Builds\IREC_2017\chipKIT_chipkit_pic32_fubarino_sd/core.a(HardwareSerial.cpp.o)
 *(SORT(.ctors.*))
 *(.ctors)
 .ctors         0x9d001634        0x4 c:/users/nukem419/appdata/local/arduino15/packages/chipkit/tools/pic32-tools/1.42-pic32gcc/bin/bin/../../lib/gcc/pic32mx/4.8.3/size\crtend.o
                0x9d001638                . = ALIGN (0x4)

.dtors          0x9d001638        0x8
 *crtbegin.o(.dtors)
 .dtors         0x9d001638        0x4 c:/users/nukem419/appdata/local/arduino15/packages/chipkit/tools/pic32-tools/1.42-pic32gcc/bin/bin/../../lib/gcc/pic32mx/4.8.3/size\crtbegin.o
 *crtbegin?.o(.dtors)
 *(EXCLUDE_FILE(*crtend?.o *crtend.o) .dtors)
 *(SORT(.dtors.*))
 *(.dtors)
 .dtors         0x9d00163c        0x4 c:/users/nukem419/appdata/local/arduino15/packages/chipkit/tools/pic32-tools/1.42-pic32gcc/bin/bin/../../lib/gcc/pic32mx/4.8.3/size\crtend.o
                0x9d00163c                __DTOR_END__
                0x9d001640                . = ALIGN (0x4)

.header_info    0x9d001640       0x4c
                0x9d001640                _image_header_info = .
                0x9d001640        0x4 LONG 0x4c SIZEOF (.header_info)
                0x9d001644        0x4 LONG 0xffffffff
 *(.mpide_version *.mpide_version.*)
 .mpide_version._verMPIDE_Stub
                0x9d001648        0x4 C:\Users\nukem419\AppData\Local\V.Micro\Arduino\Builds\IREC_2017\chipKIT_chipkit_pic32_fubarino_sd/core.a(wiring.c.o)
                0x9d001648                _verMPIDE_Stub
                0x9d00164c        0x4 LONG 0xffffffff
                0x9d001650        0x4 LONG 0xffffffff
                0x9d001654        0x4 LONG 0x1020001 _IMAGE_TYPE
                0x9d001658        0x4 LONG 0x9d001000 _JUMP_ADDR
                0x9d00165c        0x4 LONG 0x9d000000 _ebase_address
                0x9d001660        0x4 LONG 0x7f000 _IMAGE_FLASH_SIZE
                0x9d001664        0x4 LONG 0x9d07f000 ORIGIN (kseg0_eeprom_mem)
                0x9d001668        0x4 LONG 0x1000
                0x9d00166c        0x4 LONG 0xbfc02ff0 ORIGIN (configsfrs)
                0x9d001670        0x4 LONG 0x10
                0x9d001674        0x4 LONG 0xa0000200 _ram_header_addr
                0x9d001678        0x4 LONG 0x8 SIZEOF (.ram_exchange_data)
                0x9d00167c        0x4 LONG 0xffffffff
                0x9d001680        0x4 LONG 0x9d000214 _original_vector_0
                0x9d001684        0x4 LONG 0x9d000200 _new_vector_0
                0x9d001688        0x4 LONG 0x20 (_vector_spacing << 0x5)
                0x9d00168c                _image_header_info_end = .
                0x00000001                ASSERT ((SIZEOF (.header_info) == 0x4c), MPIDE Version not specfied correctly)

.rodata         0x9d00168c      0x18c
 *(.gnu.linkonce.r.*)
 .gnu.linkonce.r._ZTI6Stream._ZTI6Stream
                0x9d00168c        0xc C:\Users\nukem419\AppData\Local\V.Micro\Arduino\Builds\IREC_2017\chipKIT_chipkit_pic32_fubarino_sd\SD\File.cpp.o
                0x9d00168c                typeinfo for Stream
 .gnu.linkonce.r._ZTS6Stream._ZTS6Stream
                0x9d001698        0x8 C:\Users\nukem419\AppData\Local\V.Micro\Arduino\Builds\IREC_2017\chipKIT_chipkit_pic32_fubarino_sd\SD\File.cpp.o
                0x9d001698                typeinfo name for Stream
 .gnu.linkonce.r._ZTS4File._ZTS4File
                0x9d0016a0        0x8 C:\Users\nukem419\AppData\Local\V.Micro\Arduino\Builds\IREC_2017\chipKIT_chipkit_pic32_fubarino_sd\SD\File.cpp.o
                0x9d0016a0                typeinfo name for File
 .gnu.linkonce.r._ZTI4File._ZTI4File
                0x9d0016a8        0xc C:\Users\nukem419\AppData\Local\V.Micro\Arduino\Builds\IREC_2017\chipKIT_chipkit_pic32_fubarino_sd\SD\File.cpp.o
                0x9d0016a8                typeinfo for File
 *fill*         0x9d0016b4        0x4 
 .gnu.linkonce.r._ZTV4File._ZTV4File
                0x9d0016b8       0x20 C:\Users\nukem419\AppData\Local\V.Micro\Arduino\Builds\IREC_2017\chipKIT_chipkit_pic32_fubarino_sd\SD\File.cpp.o
                0x9d0016b8                vtable for File
 .gnu.linkonce.r._ZTS6SdFile._ZTS6SdFile
                0x9d0016d8        0x8 C:\Users\nukem419\AppData\Local\V.Micro\Arduino\Builds\IREC_2017\chipKIT_chipkit_pic32_fubarino_sd\SD\utility\SdFile.cpp.o
                0x9d0016d8                typeinfo name for SdFile
 .gnu.linkonce.r._ZTI6SdFile._ZTI6SdFile
                0x9d0016e0        0xc C:\Users\nukem419\AppData\Local\V.Micro\Arduino\Builds\IREC_2017\chipKIT_chipkit_pic32_fubarino_sd\SD\utility\SdFile.cpp.o
                0x9d0016e0                typeinfo for SdFile
 *fill*         0x9d0016ec        0x4 
 .gnu.linkonce.r._ZTV6SdFile._ZTV6SdFile
                0x9d0016f0       0x10 C:\Users\nukem419\AppData\Local\V.Micro\Arduino\Builds\IREC_2017\chipKIT_chipkit_pic32_fubarino_sd\SD\utility\SdFile.cpp.o
                0x9d0016f0                vtable for SdFile
 .gnu.linkonce.r._ZTS14HardwareSerial._ZTS14HardwareSerial
                0x9d001700       0x14 C:\Users\nukem419\AppData\Local\V.Micro\Arduino\Builds\IREC_2017\chipKIT_chipkit_pic32_fubarino_sd/core.a(HardwareSerial.cpp.o)
                0x9d001700                typeinfo name for HardwareSerial
 .gnu.linkonce.r._ZTI14HardwareSerial._ZTI14HardwareSerial
                0x9d001714        0xc C:\Users\nukem419\AppData\Local\V.Micro\Arduino\Builds\IREC_2017\chipKIT_chipkit_pic32_fubarino_sd/core.a(HardwareSerial.cpp.o)
                0x9d001714                typeinfo for HardwareSerial
 .gnu.linkonce.r._ZTS9USBSerial._ZTS9USBSerial
                0x9d001720        0xc C:\Users\nukem419\AppData\Local\V.Micro\Arduino\Builds\IREC_2017\chipKIT_chipkit_pic32_fubarino_sd/core.a(HardwareSerial.cpp.o)
                0x9d001720                typeinfo name for USBSerial
 .gnu.linkonce.r._ZTI9USBSerial._ZTI9USBSerial
                0x9d00172c        0xc C:\Users\nukem419\AppData\Local\V.Micro\Arduino\Builds\IREC_2017\chipKIT_chipkit_pic32_fubarino_sd/core.a(HardwareSerial.cpp.o)
                0x9d00172c                typeinfo for USBSerial
 .gnu.linkonce.r._ZTV14HardwareSerial._ZTV14HardwareSerial
                0x9d001738       0x28 C:\Users\nukem419\AppData\Local\V.Micro\Arduino\Builds\IREC_2017\chipKIT_chipkit_pic32_fubarino_sd/core.a(HardwareSerial.cpp.o)
                0x9d001738                vtable for HardwareSerial
 .gnu.linkonce.r._ZTV9USBSerial._ZTV9USBSerial
                0x9d001760       0x28 C:\Users\nukem419\AppData\Local\V.Micro\Arduino\Builds\IREC_2017\chipKIT_chipkit_pic32_fubarino_sd/core.a(HardwareSerial.cpp.o)
                0x9d001760                vtable for USBSerial
 .gnu.linkonce.r._ZTS5Print._ZTS5Print
                0x9d001788        0x8 C:\Users\nukem419\AppData\Local\V.Micro\Arduino\Builds\IREC_2017\chipKIT_chipkit_pic32_fubarino_sd/core.a(Print.cpp.o)
                0x9d001788                typeinfo name for Print
 .gnu.linkonce.r._ZTI5Print._ZTI5Print
                0x9d001790        0x8 C:\Users\nukem419\AppData\Local\V.Micro\Arduino\Builds\IREC_2017\chipKIT_chipkit_pic32_fubarino_sd/core.a(Print.cpp.o)
                0x9d001790                typeinfo for Print
 .gnu.linkonce.r._ZTVN10__cxxabiv117__class_type_infoE._ZTVN10__cxxabiv117__class_type_infoE
                0x9d001798       0x30 c:/users/nukem419/appdata/local/arduino15/packages/chipkit/tools/pic32-tools/1.42-pic32gcc/bin/bin/../../lib/gcc/pic32mx/4.8.3/../../../../pic32mx/lib/size\libsupc++.a(class_type_info.o)
                0x9d001798                vtable for __cxxabiv1::__class_type_info
 .gnu.linkonce.r._ZTVN10__cxxabiv120__si_class_type_infoE._ZTVN10__cxxabiv120__si_class_type_infoE
                0x9d0017c8       0x30 c:/users/nukem419/appdata/local/arduino15/packages/chipkit/tools/pic32-tools/1.42-pic32gcc/bin/bin/../../lib/gcc/pic32mx/4.8.3/../../../../pic32mx/lib/size\libsupc++.a(si_class_type_info.o)
                0x9d0017c8                vtable for __cxxabiv1::__si_class_type_info
 .gnu.linkonce.r._ZTVSt9type_info._ZTVSt9type_info
                0x9d0017f8       0x20 c:/users/nukem419/appdata/local/arduino15/packages/chipkit/tools/pic32-tools/1.42-pic32gcc/bin/bin/../../lib/gcc/pic32mx/4.8.3/../../../../pic32mx/lib/size\libsupc++.a(tinfo.o)
                0x9d0017f8                vtable for std::type_info
 *(.rodata1)
                0x9d001818                . = ALIGN (0x4)

.sdata2         0x9d001818        0x0
 *(.sdata2 .sdata2.* .gnu.linkonce.s2.*)
                0x9d001818                . = ALIGN (0x4)

.sbss2          0x9d001818        0x0
 *(.sbss2 .sbss2.* .gnu.linkonce.sb2.*)
                0x9d001818                . = ALIGN (0x4)

.dbg_data       0xa0000000      0x200
                0xa0000000                . = (. + DEFINED (_DEBUGGER)?0x200:0x0)
 *fill*         0xa0000000      0x200 

.ram_exchange_data
                0xa0000200        0x8
                0xa0000200                _ram_header_addr = .
                0xa0000208                . = (. + 0x8)
 *fill*         0xa0000200        0x8 

.persist        0xa0000208        0x0
                0xa0000208                _persist_begin = .
 *(.persist .persist.*)
                0xa0000208                . = ALIGN (0x4)
                0xa0000208                _persist_end = .
                0x00000001                ASSERT ((_persist_end <= (ORIGIN (kseg1_data_mem) + 0x600)), Bootloader does not preserve debug, RAM Header, or persistent data beyond the first 1.5K)
                0xa0000208                _protected_end = ((_IMAGE_TYPE & ((_imageSplitFlashBootloader | _imageProgramFlashBootloader) | _imageBootFlashBootloader)) != 0x0)?(ORIGIN (kseg1_data_mem) + 0x600):.

.protected_bootloader
                0xa0000000        0x0
                0xa0000000                . = (. + ((_IMAGE_TYPE & ((_imageSplitFlashBootloader | _imageProgramFlashBootloader) | _imageBootFlashBootloader)) != 0x0)?(ORIGIN (kseg1_data_mem) + 0x600):0x0)

.data           0xa0000208        0x4
                0xa0000208                _data_begin = .
 *(.gnu.linkonce.d.*)
 .gnu.linkonce.d.DW.ref.__gxx_personality_sj0.DW.ref.__gxx_personality_sj0
                0xa0000208        0x4 C:\Users\nukem419\AppData\Local\V.Micro\Arduino\Builds\IREC_2017\chipKIT_chipkit_pic32_fubarino_sd\IREC_2017.cpp.o
                0xa0000208                DW.ref.__gxx_personality_sj0
 *(.gnu.linkonce.d.*personality*)
 *(.data1)
                0xa000020c                . = ALIGN (0x4)
                0xa0000208                _data_image_begin = LOADADDR (.data)
                0xa000020c                . = .
                0xa0008200                _gp = (ALIGN (0x10) + 0x7ff0)

.got
 *(.got.plt)
 *(.got)

.sdata          0xa000020c       0x28
                0xa000020c                _sdata_begin = .
 *(.sdata .sdata.* .gnu.linkonce.s.*)
 .sdata._ZN8SdVolume17cacheBlockNumber_E.cacheBlockNumber_
                0xa000020c        0x4 C:\Users\nukem419\AppData\Local\V.Micro\Arduino\Builds\IREC_2017\chipKIT_chipkit_pic32_fubarino_sd\SD\utility\SdVolume.cpp.o
                0xa000020c                SdVolume::cacheBlockNumber_
 .sdata._ZL11iSessionCur.iSessionCur
                0xa0000210        0x4 C:\Users\nukem419\AppData\Local\V.Micro\Arduino\Builds\IREC_2017\chipKIT_chipkit_pic32_fubarino_sd\Wire\Wire.cpp.o
 .sdata.CTSpin.CTSpin
                0xa0000214        0x1 C:\Users\nukem419\AppData\Local\V.Micro\Arduino\Builds\IREC_2017\chipKIT_chipkit_pic32_fubarino_sd\IREC_2017.cpp.o
                0xa0000214                CTSpin
 *fill*         0xa0000215        0x3 
 .sdata.mavlink_system.mavlink_system
                0xa0000218        0x4 C:\Users\nukem419\AppData\Local\V.Micro\Arduino\Builds\IREC_2017\chipKIT_chipkit_pic32_fubarino_sd\IREC_2017.cpp.o
                0xa0000218                mavlink_system
 .sdata.line_coding.line_coding
                0xa000021c        0x8 C:\Users\nukem419\AppData\Local\V.Micro\Arduino\Builds\IREC_2017\chipKIT_chipkit_pic32_fubarino_sd/core.a(HardwareSerial_cdcacm.c.o)
 .sdata._pwmPeriod._pwmPeriod
                0xa0000224        0x4 C:\Users\nukem419\AppData\Local\V.Micro\Arduino\Builds\IREC_2017\chipKIT_chipkit_pic32_fubarino_sd/core.a(wiring_analog.c.o)
 .sdata._pwmResolution._pwmResolution
                0xa0000228        0x4 C:\Users\nukem419\AppData\Local\V.Micro\Arduino\Builds\IREC_2017\chipKIT_chipkit_pic32_fubarino_sd/core.a(wiring_analog.c.o)
 .sdata._pwmFrequency._pwmFrequency
                0xa000022c        0x4 C:\Users\nukem419\AppData\Local\V.Micro\Arduino\Builds\IREC_2017\chipKIT_chipkit_pic32_fubarino_sd/core.a(wiring_analog.c.o)
 .sdata         0xa0000230        0x4 c:/users/nukem419/appdata/local/arduino15/packages/chipkit/tools/pic32-tools/1.42-pic32gcc/bin/bin/../../lib/gcc/pic32mx/4.8.3/size\crtbegin.o
                0xa0000230                __dso_handle
                0xa0000234                . = ALIGN (0x4)
                0xa0000234                _sdata_end = .

.lit8           0xa0000234        0x0
 *(.lit8)
                0xa0000234                . = ALIGN (0x4)

.lit4
 *(.lit4)
                0xa0000234                . = ALIGN (0x4)
                0xa0000234                _data_end = .
                0xa0000234                _bss_begin = .

.sbss           0xa0000234       0xdc
                0xa0000234                _sbss_begin = .
 *(.dynsbss)
 *(.sbss .sbss.* .gnu.linkonce.sb.*)
 .sbss._ZN6SdFile12oldDateTime_E.oldDateTime_
                0xa0000234        0x4 C:\Users\nukem419\AppData\Local\V.Micro\Arduino\Builds\IREC_2017\chipKIT_chipkit_pic32_fubarino_sd\SD\utility\SdFile.cpp.o
                0xa0000234                SdFile::oldDateTime_
 .sbss._ZN6SdFile9dateTime_E.dateTime_
                0xa0000238        0x4 C:\Users\nukem419\AppData\Local\V.Micro\Arduino\Builds\IREC_2017\chipKIT_chipkit_pic32_fubarino_sd\SD\utility\SdFile.cpp.o
                0xa0000238                SdFile::dateTime_
 .sbss._ZN8SdVolume17cacheMirrorBlock_E.cacheMirrorBlock_
                0xa000023c        0x4 C:\Users\nukem419\AppData\Local\V.Micro\Arduino\Builds\IREC_2017\chipKIT_chipkit_pic32_fubarino_sd\SD\utility\SdVolume.cpp.o
                0xa000023c                SdVolume::cacheMirrorBlock_
 .sbss._ZN8SdVolume11cacheDirty_E.cacheDirty_
                0xa0000240        0x1 C:\Users\nukem419\AppData\Local\V.Micro\Arduino\Builds\IREC_2017\chipKIT_chipkit_pic32_fubarino_sd\SD\utility\SdVolume.cpp.o
                0xa0000240                SdVolume::cacheDirty_
 *fill*         0xa0000241        0x3 
 .sbss._ZN8SdVolume7sdCard_E.sdCard_
                0xa0000244        0x4 C:\Users\nukem419\AppData\Local\V.Micro\Arduino\Builds\IREC_2017\chipKIT_chipkit_pic32_fubarino_sd\SD\utility\SdVolume.cpp.o
                0xa0000244                SdVolume::sdCard_
 .sbss._ZL17onRequestServiceR.onRequestServiceR
                0xa0000248        0x4 C:\Users\nukem419\AppData\Local\V.Micro\Arduino\Builds\IREC_2017\chipKIT_chipkit_pic32_fubarino_sd\Wire\Wire.cpp.o
 .sbss._ZL17onReceiveServiceR.onReceiveServiceR
                0xa000024c        0x4 C:\Users\nukem419\AppData\Local\V.Micro\Arduino\Builds\IREC_2017\chipKIT_chipkit_pic32_fubarino_sd\Wire\Wire.cpp.o
 .sbss._ZN7TwoWire10beginCountE.beginCount
                0xa0000250        0x4 C:\Users\nukem419\AppData\Local\V.Micro\Arduino\Builds\IREC_2017\chipKIT_chipkit_pic32_fubarino_sd\Wire\Wire.cpp.o
                0xa0000250                TwoWire::beginCount
 .sbss._ZN7TwoWire14user_onReceiveE.user_onReceive
                0xa0000254        0x4 C:\Users\nukem419\AppData\Local\V.Micro\Arduino\Builds\IREC_2017\chipKIT_chipkit_pic32_fubarino_sd\Wire\Wire.cpp.o
                0xa0000254                TwoWire::user_onReceive
 .sbss._ZN7TwoWire14user_onRequestE.user_onRequest
                0xa0000258        0x4 C:\Users\nukem419\AppData\Local\V.Micro\Arduino\Builds\IREC_2017\chipKIT_chipkit_pic32_fubarino_sd\Wire\Wire.cpp.o
                0xa0000258                TwoWire::user_onRequest
 .sbss._ZN7TwoWire12transmittingE.transmitting
                0xa000025c        0x1 C:\Users\nukem419\AppData\Local\V.Micro\Arduino\Builds\IREC_2017\chipKIT_chipkit_pic32_fubarino_sd\Wire\Wire.cpp.o
                0xa000025c                TwoWire::transmitting
 .sbss._ZN7TwoWire14txBufferLengthE.txBufferLength
                0xa000025d        0x1 C:\Users\nukem419\AppData\Local\V.Micro\Arduino\Builds\IREC_2017\chipKIT_chipkit_pic32_fubarino_sd\Wire\Wire.cpp.o
                0xa000025d                TwoWire::txBufferLength
 .sbss._ZN7TwoWire13txBufferIndexE.txBufferIndex
                0xa000025e        0x1 C:\Users\nukem419\AppData\Local\V.Micro\Arduino\Builds\IREC_2017\chipKIT_chipkit_pic32_fubarino_sd\Wire\Wire.cpp.o
                0xa000025e                TwoWire::txBufferIndex
 .sbss._ZN7TwoWire9txAddressE.txAddress
                0xa000025f        0x1 C:\Users\nukem419\AppData\Local\V.Micro\Arduino\Builds\IREC_2017\chipKIT_chipkit_pic32_fubarino_sd\Wire\Wire.cpp.o
                0xa000025f                TwoWire::txAddress
 .sbss._ZN7TwoWire14rxBufferLengthE.rxBufferLength
                0xa0000260        0x1 C:\Users\nukem419\AppData\Local\V.Micro\Arduino\Builds\IREC_2017\chipKIT_chipkit_pic32_fubarino_sd\Wire\Wire.cpp.o
                0xa0000260                TwoWire::rxBufferLength
 .sbss._ZN7TwoWire13rxBufferIndexE.rxBufferIndex
                0xa0000261        0x1 C:\Users\nukem419\AppData\Local\V.Micro\Arduino\Builds\IREC_2017\chipKIT_chipkit_pic32_fubarino_sd\Wire\Wire.cpp.o
                0xa0000261                TwoWire::rxBufferIndex
 *fill*         0xa0000262        0x2 
 .sbss.Wire.Wire
                0xa0000264        0x4 C:\Users\nukem419\AppData\Local\V.Micro\Arduino\Builds\IREC_2017\chipKIT_chipkit_pic32_fubarino_sd\Wire\Wire.cpp.o
                0xa0000264                Wire
 .sbss._ZN5DTWI16pDTWI1E.pDTWI1
                0xa0000268        0x4 C:\Users\nukem419\AppData\Local\V.Micro\Arduino\Builds\IREC_2017\chipKIT_chipkit_pic32_fubarino_sd\Wire\Wire.cpp.o
                0xa0000268                DTWI1::pDTWI1
 .sbss._ZN5DTWI06pDTWI0E.pDTWI0
                0xa000026c        0x4 C:\Users\nukem419\AppData\Local\V.Micro\Arduino\Builds\IREC_2017\chipKIT_chipkit_pic32_fubarino_sd\Wire\Wire.cpp.o
                0xa000026c                DTWI0::pDTWI0
 .sbss.serial_buffer_length.serial_buffer_length
                0xa0000270        0x2 C:\Users\nukem419\AppData\Local\V.Micro\Arduino\Builds\IREC_2017\chipKIT_chipkit_pic32_fubarino_sd\IREC_2017.cpp.o
                0xa0000270                serial_buffer_length
 *fill*         0xa0000272        0x2 
 .sbss.tmsLastEvent.tmsLastEvent
                0xa0000274        0x4 C:\Users\nukem419\AppData\Local\V.Micro\Arduino\Builds\IREC_2017\chipKIT_chipkit_pic32_fubarino_sd/core.a(task_manager.c.o)
 .sbss.tmsNextEvent.tmsNextEvent
                0xa0000278        0x4 C:\Users\nukem419\AppData\Local\V.Micro\Arduino\Builds\IREC_2017\chipKIT_chipkit_pic32_fubarino_sd/core.a(task_manager.c.o)
 .sbss.cntActiveTask.cntActiveTask
                0xa000027c        0x4 C:\Users\nukem419\AppData\Local\V.Micro\Arduino\Builds\IREC_2017\chipKIT_chipkit_pic32_fubarino_sd/core.a(task_manager.c.o)
 .sbss.nextInt.18705.nextInt
                0xa0000280        0x4 C:\Users\nukem419\AppData\Local\V.Micro\Arduino\Builds\IREC_2017\chipKIT_chipkit_pic32_fubarino_sd/core.a(wiring.c.o)
 .sbss.gLastBaseCount.gLastBaseCount
                0xa0000284        0x4 C:\Users\nukem419\AppData\Local\V.Micro\Arduino\Builds\IREC_2017\chipKIT_chipkit_pic32_fubarino_sd/core.a(wiring.c.o)
 .sbss.ppsGlobalLock.ppsGlobalLock
                0xa0000288        0x1 C:\Users\nukem419\AppData\Local\V.Micro\Arduino\Builds\IREC_2017\chipKIT_chipkit_pic32_fubarino_sd/core.a(wiring.c.o)
                0xa0000288                ppsGlobalLock
 *fill*         0xa0000289        0x3 
 .sbss.gSoftPWMServoUpdate.gSoftPWMServoUpdate
                0xa000028c        0x4 C:\Users\nukem419\AppData\Local\V.Micro\Arduino\Builds\IREC_2017\chipKIT_chipkit_pic32_fubarino_sd/core.a(wiring.c.o)
                0xa000028c                gSoftPWMServoUpdate
 .sbss.gMicros_calculating.gMicros_calculating
                0xa0000290        0x4 C:\Users\nukem419\AppData\Local\V.Micro\Arduino\Builds\IREC_2017\chipKIT_chipkit_pic32_fubarino_sd/core.a(wiring.c.o)
                0xa0000290                gMicros_calculating
 .sbss.gCore_timer_first_val.gCore_timer_first_val
                0xa0000294        0x4 C:\Users\nukem419\AppData\Local\V.Micro\Arduino\Builds\IREC_2017\chipKIT_chipkit_pic32_fubarino_sd/core.a(wiring.c.o)
                0xa0000294                gCore_timer_first_val
 .sbss.gMicros_overflows.gMicros_overflows
                0xa0000298        0x4 C:\Users\nukem419\AppData\Local\V.Micro\Arduino\Builds\IREC_2017\chipKIT_chipkit_pic32_fubarino_sd/core.a(wiring.c.o)
                0xa0000298                gMicros_overflows
 .sbss.gCore_timer_micros.gCore_timer_micros
                0xa000029c        0x4 C:\Users\nukem419\AppData\Local\V.Micro\Arduino\Builds\IREC_2017\chipKIT_chipkit_pic32_fubarino_sd/core.a(wiring.c.o)
                0xa000029c                gCore_timer_micros
 .sbss.gCore_timer_last_val.gCore_timer_last_val
                0xa00002a0        0x4 C:\Users\nukem419\AppData\Local\V.Micro\Arduino\Builds\IREC_2017\chipKIT_chipkit_pic32_fubarino_sd/core.a(wiring.c.o)
                0xa00002a0                gCore_timer_last_val
 .sbss.gTimer0_millis.gTimer0_millis
                0xa00002a4        0x4 C:\Users\nukem419\AppData\Local\V.Micro\Arduino\Builds\IREC_2017\chipKIT_chipkit_pic32_fubarino_sd/core.a(wiring.c.o)
                0xa00002a4                gTimer0_millis
 .sbss._ZZN6StringixEjE19dummy_writable_char.dummy_writable_char
                0xa00002a8        0x1 C:\Users\nukem419\AppData\Local\V.Micro\Arduino\Builds\IREC_2017\chipKIT_chipkit_pic32_fubarino_sd/core.a(WString.cpp.o)
 .sbss.gWaiting.gWaiting
                0xa00002a9        0x1 C:\Users\nukem419\AppData\Local\V.Micro\Arduino\Builds\IREC_2017\chipKIT_chipkit_pic32_fubarino_sd/core.a(HardwareSerial_cdcacm.c.o)
 .sbss.gRX_out.gRX_out
                0xa00002aa        0x1 C:\Users\nukem419\AppData\Local\V.Micro\Arduino\Builds\IREC_2017\chipKIT_chipkit_pic32_fubarino_sd/core.a(HardwareSerial_cdcacm.c.o)
 .sbss.gRX_in.gRX_in
                0xa00002ab        0x1 C:\Users\nukem419\AppData\Local\V.Micro\Arduino\Builds\IREC_2017\chipKIT_chipkit_pic32_fubarino_sd/core.a(HardwareSerial_cdcacm.c.o)
 .sbss.gStoredata_cbfn.gStoredata_cbfn
                0xa00002ac        0x4 C:\Users\nukem419\AppData\Local\V.Micro\Arduino\Builds\IREC_2017\chipKIT_chipkit_pic32_fubarino_sd/core.a(HardwareSerial_cdcacm.c.o)
 .sbss.gReset_cbfn.gReset_cbfn
                0xa00002b0        0x4 C:\Users\nukem419\AppData\Local\V.Micro\Arduino\Builds\IREC_2017\chipKIT_chipkit_pic32_fubarino_sd/core.a(HardwareSerial_cdcacm.c.o)
 .sbss.gCdcacm_active.gCdcacm_active
                0xa00002b4        0x1 C:\Users\nukem419\AppData\Local\V.Micro\Arduino\Builds\IREC_2017\chipKIT_chipkit_pic32_fubarino_sd/core.a(HardwareSerial_cdcacm.c.o)
                0xa00002b4                gCdcacm_active
 *fill*         0xa00002b5        0x3 
 .sbss.cdcacm_string_descriptor.cdcacm_string_descriptor
                0xa00002b8        0x4 C:\Users\nukem419\AppData\Local\V.Micro\Arduino\Builds\IREC_2017\chipKIT_chipkit_pic32_fubarino_sd/core.a(HardwareSerial_cdcacm.c.o)
 .sbss.next_address.next_address
                0xa00002bc        0x1 C:\Users\nukem419\AppData\Local\V.Micro\Arduino\Builds\IREC_2017\chipKIT_chipkit_pic32_fubarino_sd/core.a(HardwareSerial_usb.c.o)
 *fill*         0xa00002bd        0x3 
 .sbss.setup_buffer.setup_buffer
                0xa00002c0        0x8 C:\Users\nukem419\AppData\Local\V.Micro\Arduino\Builds\IREC_2017\chipKIT_chipkit_pic32_fubarino_sd/core.a(HardwareSerial_usb.c.o)
 .sbss.gBulk_transfer_cbfn.gBulk_transfer_cbfn
                0xa00002c8        0x4 C:\Users\nukem419\AppData\Local\V.Micro\Arduino\Builds\IREC_2017\chipKIT_chipkit_pic32_fubarino_sd/core.a(HardwareSerial_usb.c.o)
 .sbss.gControl_transfer_cbfn.gControl_transfer_cbfn
                0xa00002cc        0x4 C:\Users\nukem419\AppData\Local\V.Micro\Arduino\Builds\IREC_2017\chipKIT_chipkit_pic32_fubarino_sd/core.a(HardwareSerial_usb.c.o)
 .sbss.gReset_cbfn.gReset_cbfn
                0xa00002d0        0x4 C:\Users\nukem419\AppData\Local\V.Micro\Arduino\Builds\IREC_2017\chipKIT_chipkit_pic32_fubarino_sd/core.a(HardwareSerial_usb.c.o)
 .sbss.string_descriptor_length.string_descriptor_length
                0xa00002d4        0x4 C:\Users\nukem419\AppData\Local\V.Micro\Arduino\Builds\IREC_2017\chipKIT_chipkit_pic32_fubarino_sd/core.a(HardwareSerial_usb.c.o)
 .sbss.string_descriptor.string_descriptor
                0xa00002d8        0x4 C:\Users\nukem419\AppData\Local\V.Micro\Arduino\Builds\IREC_2017\chipKIT_chipkit_pic32_fubarino_sd/core.a(HardwareSerial_usb.c.o)
 .sbss.configuration_descriptor_length.configuration_descriptor_length
                0xa00002dc        0x4 C:\Users\nukem419\AppData\Local\V.Micro\Arduino\Builds\IREC_2017\chipKIT_chipkit_pic32_fubarino_sd/core.a(HardwareSerial_usb.c.o)
 .sbss.configuration_descriptor.configuration_descriptor
                0xa00002e0        0x4 C:\Users\nukem419\AppData\Local\V.Micro\Arduino\Builds\IREC_2017\chipKIT_chipkit_pic32_fubarino_sd/core.a(HardwareSerial_usb.c.o)
 .sbss.device_descriptor_length.device_descriptor_length
                0xa00002e4        0x4 C:\Users\nukem419\AppData\Local\V.Micro\Arduino\Builds\IREC_2017\chipKIT_chipkit_pic32_fubarino_sd/core.a(HardwareSerial_usb.c.o)
 .sbss.device_descriptor.device_descriptor
                0xa00002e8        0x4 C:\Users\nukem419\AppData\Local\V.Micro\Arduino\Builds\IREC_2017\chipKIT_chipkit_pic32_fubarino_sd/core.a(HardwareSerial_usb.c.o)
 .sbss.bdts.bdts
                0xa00002ec        0x4 C:\Users\nukem419\AppData\Local\V.Micro\Arduino\Builds\IREC_2017\chipKIT_chipkit_pic32_fubarino_sd/core.a(HardwareSerial_usb.c.o)
 .sbss.pwm_active.pwm_active
                0xa00002f0        0x2 C:\Users\nukem419\AppData\Local\V.Micro\Arduino\Builds\IREC_2017\chipKIT_chipkit_pic32_fubarino_sd/core.a(wiring_analog.c.o)
                0xa00002f0                pwm_active
 *fill*         0xa00002f2        0x2 
 .sbss.analog_reference.analog_reference
                0xa00002f4        0x4 C:\Users\nukem419\AppData\Local\V.Micro\Arduino\Builds\IREC_2017\chipKIT_chipkit_pic32_fubarino_sd/core.a(wiring_analog.c.o)
                0xa00002f4                analog_reference
 *(.scommon)
 .scommon       0xa00002f8        0x4 C:\Users\nukem419\AppData\Local\V.Micro\Arduino\Builds\IREC_2017\chipKIT_chipkit_pic32_fubarino_sd/core.a(wiring.c.o)
                0xa00002f8                __PIC32_pbClk
 .scommon       0xa00002fc       0x10 C:\Users\nukem419\AppData\Local\V.Micro\Arduino\Builds\IREC_2017\chipKIT_chipkit_pic32_fubarino_sd/core.a(HardwareSerial_usb.c.o)
                0xa00002fc                scsi_attached_count
                0xa0000300                bulk_out_ep
                0xa0000301                int_ep
                0xa0000302                other_attached
                0xa0000304                gCdcacm_attached_count
                0xa0000308                gCdcacm_attached
                0xa0000309                scsi_attached
                0xa000030a                cdc_attached
                0xa000030b                bulk_in_ep
 .scommon       0xa000030c        0x1 C:\Users\nukem419\AppData\Local\V.Micro\Arduino\Builds\IREC_2017\chipKIT_chipkit_pic32_fubarino_sd/core.a(wiring_analog.c.o)
                0xa000030c                _analogRead_channelNumber
                0xa0000310                . = ALIGN (0x4)
 *fill*         0xa000030d        0x3 
                0xa0000310                _sbss_end = .

.bss            0xa0000310      0x180
 *(.dynbss)
 *(.gnu.linkonce.b.*)
 *(COMMON)
 COMMON         0xa0000310      0x180 C:\Users\nukem419\AppData\Local\V.Micro\Arduino\Builds\IREC_2017\chipKIT_chipkit_pic32_fubarino_sd/core.a(HardwareSerial_usb.c.o)
                0xa0000310                endpoints
                0xa0000490                . = ALIGN (0x4)
                0xa0000490                . = ALIGN (0x4)
                0xa0000490                _end = .
                0xa0000490                _bss_end = .
                0x00020000                _bmxdudba_address = 0x20000
                0x00020000                _bmxdupba_address = 0x20000

.gcc_compiled_long32
 *(.gcc_compiled_long32)

.gcc_compiled_long64
 *(.gcc_compiled_long64)

.stab
 *(.stab)

.stabstr
 *(.stabstr)

.stab.excl
 *(.stab.excl)

.stab.exclstr
 *(.stab.exclstr)

.stab.index
 *(.stab.index)

.stab.indexstr
 *(.stab.indexstr)

.comment        0x00000000       0x86
 *(.comment)
 .comment       0x00000000       0x3b C:\Users\nukem419\AppData\Local\V.Micro\Arduino\Builds\IREC_2017\chipKIT_chipkit_pic32_fubarino_sd\SD\File.cpp.o
                                 0x3c (size before relaxing)
 .comment       0x00000000       0x3c C:\Users\nukem419\AppData\Local\V.Micro\Arduino\Builds\IREC_2017\chipKIT_chipkit_pic32_fubarino_sd\SD\SD.cpp.o
 .comment       0x00000000       0x3c C:\Users\nukem419\AppData\Local\V.Micro\Arduino\Builds\IREC_2017\chipKIT_chipkit_pic32_fubarino_sd\SD\utility\Sd2Card.cpp.o
 .comment       0x00000000       0x3c C:\Users\nukem419\AppData\Local\V.Micro\Arduino\Builds\IREC_2017\chipKIT_chipkit_pic32_fubarino_sd\SD\utility\SdFile.cpp.o
 .comment       0x00000000       0x3c C:\Users\nukem419\AppData\Local\V.Micro\Arduino\Builds\IREC_2017\chipKIT_chipkit_pic32_fubarino_sd\SD\utility\SdVolume.cpp.o
 .comment       0x00000000       0x3c C:\Users\nukem419\AppData\Local\V.Micro\Arduino\Builds\IREC_2017\chipKIT_chipkit_pic32_fubarino_sd\Wire\Wire.cpp.o
 .comment       0x00000000       0x3c C:\Users\nukem419\AppData\Local\V.Micro\Arduino\Builds\IREC_2017\chipKIT_chipkit_pic32_fubarino_sd\IREC_2017.cpp.o
 .comment       0x00000000       0x3c C:\Users\nukem419\AppData\Local\V.Micro\Arduino\Builds\IREC_2017\chipKIT_chipkit_pic32_fubarino_sd\BMP180.cpp.o
 .comment       0x00000000       0x3c C:\Users\nukem419\AppData\Local\V.Micro\Arduino\Builds\IREC_2017\chipKIT_chipkit_pic32_fubarino_sd\DataLogger.cpp.o
 .comment       0x00000000       0x3c C:\Users\nukem419\AppData\Local\V.Micro\Arduino\Builds\IREC_2017\chipKIT_chipkit_pic32_fubarino_sd\EM_506.cpp.o
 .comment       0x00000000       0x3c C:\Users\nukem419\AppData\Local\V.Micro\Arduino\Builds\IREC_2017\chipKIT_chipkit_pic32_fubarino_sd\L3GD20TR.cpp.o
 .comment       0x00000000       0x3c C:\Users\nukem419\AppData\Local\V.Micro\Arduino\Builds\IREC_2017\chipKIT_chipkit_pic32_fubarino_sd\LIS331HH.cpp.o
 .comment       0x00000000       0x3c C:\Users\nukem419\AppData\Local\V.Micro\Arduino\Builds\IREC_2017\chipKIT_chipkit_pic32_fubarino_sd\Parameters.cpp.o
 .comment       0x00000000       0x3c C:\Users\nukem419\AppData\Local\V.Micro\Arduino\Builds\IREC_2017\chipKIT_chipkit_pic32_fubarino_sd\WSU_mavlink.cpp.o
 .comment       0x00000000       0x3c C:\Users\nukem419\AppData\Local\V.Micro\Arduino\Builds\IREC_2017\chipKIT_chipkit_pic32_fubarino_sd/core.a(task_manager.c.o)
 .comment       0x00000000       0x3c C:\Users\nukem419\AppData\Local\V.Micro\Arduino\Builds\IREC_2017\chipKIT_chipkit_pic32_fubarino_sd/core.a(wiring.c.o)
 .comment       0x00000000       0x3c C:\Users\nukem419\AppData\Local\V.Micro\Arduino\Builds\IREC_2017\chipKIT_chipkit_pic32_fubarino_sd/core.a(wiring_digital.c.o)
 .comment       0x00000000       0x3c C:\Users\nukem419\AppData\Local\V.Micro\Arduino\Builds\IREC_2017\chipKIT_chipkit_pic32_fubarino_sd/core.a(WSystem.c.o)
 .comment       0x00000000       0x3c C:\Users\nukem419\AppData\Local\V.Micro\Arduino\Builds\IREC_2017\chipKIT_chipkit_pic32_fubarino_sd/core.a(HardwareSerial.cpp.o)
 .comment       0x00000000       0x3c C:\Users\nukem419\AppData\Local\V.Micro\Arduino\Builds\IREC_2017\chipKIT_chipkit_pic32_fubarino_sd/core.a(main.cpp.o)
 .comment       0x00000000       0x3c C:\Users\nukem419\AppData\Local\V.Micro\Arduino\Builds\IREC_2017\chipKIT_chipkit_pic32_fubarino_sd/core.a(Print.cpp.o)
 .comment       0x00000000       0x3c C:\Users\nukem419\AppData\Local\V.Micro\Arduino\Builds\IREC_2017\chipKIT_chipkit_pic32_fubarino_sd/core.a(Stream.cpp.o)
 .comment       0x00000000       0x3c C:\Users\nukem419\AppData\Local\V.Micro\Arduino\Builds\IREC_2017\chipKIT_chipkit_pic32_fubarino_sd/core.a(WString.cpp.o)
 .comment       0x00000000       0x3c C:\Users\nukem419\AppData\Local\V.Micro\Arduino\Builds\IREC_2017\chipKIT_chipkit_pic32_fubarino_sd/core.a(HardwareSerial_cdcacm.c.o)
 .comment       0x00000000       0x3c C:\Users\nukem419\AppData\Local\V.Micro\Arduino\Builds\IREC_2017\chipKIT_chipkit_pic32_fubarino_sd/core.a(HardwareSerial_usb.c.o)
 .comment       0x00000000       0x3c C:\Users\nukem419\AppData\Local\V.Micro\Arduino\Builds\IREC_2017\chipKIT_chipkit_pic32_fubarino_sd/core.a(pins_arduino.c.o)
 .comment       0x00000000       0x3c C:\Users\nukem419\AppData\Local\V.Micro\Arduino\Builds\IREC_2017\chipKIT_chipkit_pic32_fubarino_sd/core.a(wiring_analog.c.o)
 .comment       0x00000000       0x3c C:\Users\nukem419\AppData\Local\V.Micro\Arduino\Builds\IREC_2017\chipKIT_chipkit_pic32_fubarino_sd/core.a(doprnt.cpp.o)
 .comment       0x00000000       0x3c c:/users/nukem419/appdata/local/arduino15/packages/chipkit/tools/pic32-tools/1.42-pic32gcc/bin/bin/../../lib/gcc/pic32mx/4.8.3/../../../../pic32mx/lib/size\libsupc++.a(class_type_info.o)
 .comment       0x00000000       0x3c c:/users/nukem419/appdata/local/arduino15/packages/chipkit/tools/pic32-tools/1.42-pic32gcc/bin/bin/../../lib/gcc/pic32mx/4.8.3/../../../../pic32mx/lib/size\libsupc++.a(del_op.o)
 .comment       0x00000000       0x3c c:/users/nukem419/appdata/local/arduino15/packages/chipkit/tools/pic32-tools/1.42-pic32gcc/bin/bin/../../lib/gcc/pic32mx/4.8.3/../../../../pic32mx/lib/size\libsupc++.a(eh_personality.o)
 .comment       0x00000000       0x3c c:/users/nukem419/appdata/local/arduino15/packages/chipkit/tools/pic32-tools/1.42-pic32gcc/bin/bin/../../lib/gcc/pic32mx/4.8.3/../../../../pic32mx/lib/size\libsupc++.a(eh_terminate.o)
 .comment       0x00000000       0x3c c:/users/nukem419/appdata/local/arduino15/packages/chipkit/tools/pic32-tools/1.42-pic32gcc/bin/bin/../../lib/gcc/pic32mx/4.8.3/../../../../pic32mx/lib/size\libsupc++.a(eh_unex_handler.o)
 .comment       0x00000000       0x3c c:/users/nukem419/appdata/local/arduino15/packages/chipkit/tools/pic32-tools/1.42-pic32gcc/bin/bin/../../lib/gcc/pic32mx/4.8.3/../../../../pic32mx/lib/size\libsupc++.a(new_op.o)
 .comment       0x00000000       0x3c c:/users/nukem419/appdata/local/arduino15/packages/chipkit/tools/pic32-tools/1.42-pic32gcc/bin/bin/../../lib/gcc/pic32mx/4.8.3/../../../../pic32mx/lib/size\libsupc++.a(si_class_type_info.o)
 .comment       0x00000000       0x3c c:/users/nukem419/appdata/local/arduino15/packages/chipkit/tools/pic32-tools/1.42-pic32gcc/bin/bin/../../lib/gcc/pic32mx/4.8.3/../../../../pic32mx/lib/size\libsupc++.a(tinfo.o)
 .comment       0x00000000       0x3c c:/users/nukem419/appdata/local/arduino15/packages/chipkit/tools/pic32-tools/1.42-pic32gcc/bin/bin/../../lib/gcc/pic32mx/4.8.3/../../../../pic32mx/lib/size\libsupc++.a(pure.o)
 .comment       0x00000000       0x3c c:/users/nukem419/appdata/local/arduino15/packages/chipkit/tools/pic32-tools/1.42-pic32gcc/bin/bin/../../lib/gcc/pic32mx/4.8.3/../../../../pic32mx/lib/size\libsupc++.a(eh_call.o)
 .comment       0x00000000       0x3c c:/users/nukem419/appdata/local/arduino15/packages/chipkit/tools/pic32-tools/1.42-pic32gcc/bin/bin/../../lib/gcc/pic32mx/4.8.3/../../../../pic32mx/lib/size\libsupc++.a(eh_catch.o)
 .comment       0x00000000       0x3c c:/users/nukem419/appdata/local/arduino15/packages/chipkit/tools/pic32-tools/1.42-pic32gcc/bin/bin/../../lib/gcc/pic32mx/4.8.3/../../../../pic32mx/lib/size\libsupc++.a(eh_globals.o)
 .comment       0x00000000       0x3c c:/users/nukem419/appdata/local/arduino15/packages/chipkit/tools/pic32-tools/1.42-pic32gcc/bin/bin/../../lib/gcc/pic32mx/4.8.3/../../../../pic32mx/lib/size\libsupc++.a(eh_term_handler.o)
 .comment       0x00000000       0x3c c:/users/nukem419/appdata/local/arduino15/packages/chipkit/tools/pic32-tools/1.42-pic32gcc/bin/bin/../../lib/gcc/pic32mx/4.8.3/../../../../pic32mx/lib/size\libsupc++.a(new_handler.o)
 .comment       0x00000000       0x3c c:/users/nukem419/appdata/local/arduino15/packages/chipkit/tools/pic32-tools/1.42-pic32gcc/bin/bin/../../lib/gcc/pic32mx/4.8.3/../../../../pic32mx/lib/size\libm.a(lib_a-s_fpclassify.o)
 .comment       0x00000000       0x3c c:/users/nukem419/appdata/local/arduino15/packages/chipkit/tools/pic32-tools/1.42-pic32gcc/bin/bin/../../lib/gcc/pic32mx/4.8.3/../../../../pic32mx/lib/size\libm.a(lib_a-s_modf.o)
 .comment       0x00000000       0x3c c:/users/nukem419/appdata/local/arduino15/packages/chipkit/tools/pic32-tools/1.42-pic32gcc/bin/bin/../../lib/gcc/pic32mx/4.8.3/../../../../pic32mx/lib/size\libm.a(lib_a-w_fmod.o)
 .comment       0x00000000       0x3c c:/users/nukem419/appdata/local/arduino15/packages/chipkit/tools/pic32-tools/1.42-pic32gcc/bin/bin/../../lib/gcc/pic32mx/4.8.3/../../../../pic32mx/lib/size\libm.a(lib_a-w_pow.o)
 .comment       0x00000000       0x3c c:/users/nukem419/appdata/local/arduino15/packages/chipkit/tools/pic32-tools/1.42-pic32gcc/bin/bin/../../lib/gcc/pic32mx/4.8.3/../../../../pic32mx/lib/size\libm.a(lib_a-e_fmod.o)
 .comment       0x00000000       0x3c c:/users/nukem419/appdata/local/arduino15/packages/chipkit/tools/pic32-tools/1.42-pic32gcc/bin/bin/../../lib/gcc/pic32mx/4.8.3/../../../../pic32mx/lib/size\libm.a(lib_a-e_pow.o)
 .comment       0x00000000       0x3c c:/users/nukem419/appdata/local/arduino15/packages/chipkit/tools/pic32-tools/1.42-pic32gcc/bin/bin/../../lib/gcc/pic32mx/4.8.3/../../../../pic32mx/lib/size\libm.a(lib_a-e_sqrt.o)
 .comment       0x00000000       0x3c c:/users/nukem419/appdata/local/arduino15/packages/chipkit/tools/pic32-tools/1.42-pic32gcc/bin/bin/../../lib/gcc/pic32mx/4.8.3/../../../../pic32mx/lib/size\libm.a(lib_a-s_fabs.o)
 .comment       0x00000000       0x3c c:/users/nukem419/appdata/local/arduino15/packages/chipkit/tools/pic32-tools/1.42-pic32gcc/bin/bin/../../lib/gcc/pic32mx/4.8.3/../../../../pic32mx/lib/size\libm.a(lib_a-s_finite.o)
 .comment       0x00000000       0x3c c:/users/nukem419/appdata/local/arduino15/packages/chipkit/tools/pic32-tools/1.42-pic32gcc/bin/bin/../../lib/gcc/pic32mx/4.8.3/../../../../pic32mx/lib/size\libm.a(lib_a-s_lib_ver.o)
 .comment       0x00000000       0x3c c:/users/nukem419/appdata/local/arduino15/packages/chipkit/tools/pic32-tools/1.42-pic32gcc/bin/bin/../../lib/gcc/pic32mx/4.8.3/../../../../pic32mx/lib/size\libm.a(lib_a-s_matherr.o)
 .comment       0x00000000       0x3c c:/users/nukem419/appdata/local/arduino15/packages/chipkit/tools/pic32-tools/1.42-pic32gcc/bin/bin/../../lib/gcc/pic32mx/4.8.3/../../../../pic32mx/lib/size\libm.a(lib_a-s_nan.o)
 .comment       0x00000000       0x3c c:/users/nukem419/appdata/local/arduino15/packages/chipkit/tools/pic32-tools/1.42-pic32gcc/bin/bin/../../lib/gcc/pic32mx/4.8.3/../../../../pic32mx/lib/size\libm.a(lib_a-s_rint.o)
 .comment       0x00000000       0x3c c:/users/nukem419/appdata/local/arduino15/packages/chipkit/tools/pic32-tools/1.42-pic32gcc/bin/bin/../../lib/gcc/pic32mx/4.8.3/../../../../pic32mx/lib/size\libm.a(lib_a-s_scalbn.o)
 .comment       0x00000000       0x3c c:/users/nukem419/appdata/local/arduino15/packages/chipkit/tools/pic32-tools/1.42-pic32gcc/bin/bin/../../lib/gcc/pic32mx/4.8.3/../../../../pic32mx/lib/size\libm.a(lib_a-s_copysign.o)
 .comment       0x00000000       0x3c c:/users/nukem419/appdata/local/arduino15/packages/chipkit/tools/pic32-tools/1.42-pic32gcc/bin/bin/../../lib/gcc/pic32mx/4.8.3/size\crtbegin.o
 .comment       0x00000000       0x3c c:/users/nukem419/appdata/local/arduino15/packages/chipkit/tools/pic32-tools/1.42-pic32gcc/bin/bin/../../lib/gcc/pic32mx/4.8.3/size\crtend.o
 .comment       0x00000000       0x3c c:/users/nukem419/appdata/local/arduino15/packages/chipkit/tools/pic32-tools/1.42-pic32gcc/bin/bin/../../lib/gcc/pic32mx/4.8.3/size\libgcc.a(addsf3.o)
 .comment       0x00000000       0x3c c:/users/nukem419/appdata/local/arduino15/packages/chipkit/tools/pic32-tools/1.42-pic32gcc/bin/bin/../../lib/gcc/pic32mx/4.8.3/size\libgcc.a(divsf3.o)
 .comment       0x00000000       0x3c c:/users/nukem419/appdata/local/arduino15/packages/chipkit/tools/pic32-tools/1.42-pic32gcc/bin/bin/../../lib/gcc/pic32mx/4.8.3/size\libgcc.a(eqsf2.o)
 .comment       0x00000000       0x3c c:/users/nukem419/appdata/local/arduino15/packages/chipkit/tools/pic32-tools/1.42-pic32gcc/bin/bin/../../lib/gcc/pic32mx/4.8.3/size\libgcc.a(gesf2.o)
 .comment       0x00000000       0x3c c:/users/nukem419/appdata/local/arduino15/packages/chipkit/tools/pic32-tools/1.42-pic32gcc/bin/bin/../../lib/gcc/pic32mx/4.8.3/size\libgcc.a(mulsf3.o)
 .comment       0x00000000       0x3c c:/users/nukem419/appdata/local/arduino15/packages/chipkit/tools/pic32-tools/1.42-pic32gcc/bin/bin/../../lib/gcc/pic32mx/4.8.3/size\libgcc.a(subsf3.o)
 .comment       0x00000000       0x3c c:/users/nukem419/appdata/local/arduino15/packages/chipkit/tools/pic32-tools/1.42-pic32gcc/bin/bin/../../lib/gcc/pic32mx/4.8.3/size\libgcc.a(fixsfsi.o)
 .comment       0x00000000       0x3c c:/users/nukem419/appdata/local/arduino15/packages/chipkit/tools/pic32-tools/1.42-pic32gcc/bin/bin/../../lib/gcc/pic32mx/4.8.3/size\libgcc.a(fixunssfsi.o)
 .comment       0x00000000       0x3c c:/users/nukem419/appdata/local/arduino15/packages/chipkit/tools/pic32-tools/1.42-pic32gcc/bin/bin/../../lib/gcc/pic32mx/4.8.3/size\libgcc.a(floatsisf.o)
 .comment       0x00000000       0x3c c:/users/nukem419/appdata/local/arduino15/packages/chipkit/tools/pic32-tools/1.42-pic32gcc/bin/bin/../../lib/gcc/pic32mx/4.8.3/size\libgcc.a(floatunsisf.o)
 .comment       0x00000000       0x3c c:/users/nukem419/appdata/local/arduino15/packages/chipkit/tools/pic32-tools/1.42-pic32gcc/bin/bin/../../lib/gcc/pic32mx/4.8.3/size\libgcc.a(fixunssfdi.o)
 .comment       0x00000000       0x3c c:/users/nukem419/appdata/local/arduino15/packages/chipkit/tools/pic32-tools/1.42-pic32gcc/bin/bin/../../lib/gcc/pic32mx/4.8.3/size\libgcc.a(adddf3.o)
 .comment       0x00000000       0x3c c:/users/nukem419/appdata/local/arduino15/packages/chipkit/tools/pic32-tools/1.42-pic32gcc/bin/bin/../../lib/gcc/pic32mx/4.8.3/size\libgcc.a(divdf3.o)
 .comment       0x00000000       0x3c c:/users/nukem419/appdata/local/arduino15/packages/chipkit/tools/pic32-tools/1.42-pic32gcc/bin/bin/../../lib/gcc/pic32mx/4.8.3/size\libgcc.a(eqdf2.o)
 .comment       0x00000000       0x3c c:/users/nukem419/appdata/local/arduino15/packages/chipkit/tools/pic32-tools/1.42-pic32gcc/bin/bin/../../lib/gcc/pic32mx/4.8.3/size\libgcc.a(gedf2.o)
 .comment       0x00000000       0x3c c:/users/nukem419/appdata/local/arduino15/packages/chipkit/tools/pic32-tools/1.42-pic32gcc/bin/bin/../../lib/gcc/pic32mx/4.8.3/size\libgcc.a(ledf2.o)
 .comment       0x00000000       0x3c c:/users/nukem419/appdata/local/arduino15/packages/chipkit/tools/pic32-tools/1.42-pic32gcc/bin/bin/../../lib/gcc/pic32mx/4.8.3/size\libgcc.a(muldf3.o)
 .comment       0x00000000       0x3c c:/users/nukem419/appdata/local/arduino15/packages/chipkit/tools/pic32-tools/1.42-pic32gcc/bin/bin/../../lib/gcc/pic32mx/4.8.3/size\libgcc.a(subdf3.o)
 .comment       0x00000000       0x3c c:/users/nukem419/appdata/local/arduino15/packages/chipkit/tools/pic32-tools/1.42-pic32gcc/bin/bin/../../lib/gcc/pic32mx/4.8.3/size\libgcc.a(fixdfsi.o)
 .comment       0x00000000       0x3c c:/users/nukem419/appdata/local/arduino15/packages/chipkit/tools/pic32-tools/1.42-pic32gcc/bin/bin/../../lib/gcc/pic32mx/4.8.3/size\libgcc.a(fixunsdfsi.o)
 .comment       0x00000000       0x3c c:/users/nukem419/appdata/local/arduino15/packages/chipkit/tools/pic32-tools/1.42-pic32gcc/bin/bin/../../lib/gcc/pic32mx/4.8.3/size\libgcc.a(floatsidf.o)
 .comment       0x00000000       0x3c c:/users/nukem419/appdata/local/arduino15/packages/chipkit/tools/pic32-tools/1.42-pic32gcc/bin/bin/../../lib/gcc/pic32mx/4.8.3/size\libgcc.a(floatunsidf.o)
 .comment       0x00000000       0x3c c:/users/nukem419/appdata/local/arduino15/packages/chipkit/tools/pic32-tools/1.42-pic32gcc/bin/bin/../../lib/gcc/pic32mx/4.8.3/size\libgcc.a(extendsfdf2.o)
 .comment       0x00000000       0x3c c:/users/nukem419/appdata/local/arduino15/packages/chipkit/tools/pic32-tools/1.42-pic32gcc/bin/bin/../../lib/gcc/pic32mx/4.8.3/size\libgcc.a(truncdfsf2.o)
 .comment       0x00000000       0x3c c:/users/nukem419/appdata/local/arduino15/packages/chipkit/tools/pic32-tools/1.42-pic32gcc/bin/bin/../../lib/gcc/pic32mx/4.8.3/size\libgcc.a(unwind-sjlj.o)
 .comment       0x00000000       0x3c c:/users/nukem419/appdata/local/arduino15/packages/chipkit/tools/pic32-tools/1.42-pic32gcc/bin/bin/../../lib/gcc/pic32mx/4.8.3/size\libgcc.a(_ashldi3.o)
 .comment       0x00000000       0x3c c:/users/nukem419/appdata/local/arduino15/packages/chipkit/tools/pic32-tools/1.42-pic32gcc/bin/bin/../../lib/gcc/pic32mx/4.8.3/../../../../pic32mx/lib/size\libc.a(lib_a-abort.o)
 .comment       0x00000000       0x3c c:/users/nukem419/appdata/local/arduino15/packages/chipkit/tools/pic32-tools/1.42-pic32gcc/bin/bin/../../lib/gcc/pic32mx/4.8.3/../../../../pic32mx/lib/size\libc.a(lib_a-atof.o)
 .comment       0x00000000       0x3c c:/users/nukem419/appdata/local/arduino15/packages/chipkit/tools/pic32-tools/1.42-pic32gcc/bin/bin/../../lib/gcc/pic32mx/4.8.3/../../../../pic32mx/lib/size\libc.a(lib_a-atol.o)
 .comment       0x00000000       0x3c c:/users/nukem419/appdata/local/arduino15/packages/chipkit/tools/pic32-tools/1.42-pic32gcc/bin/bin/../../lib/gcc/pic32mx/4.8.3/../../../../pic32mx/lib/size\libc.a(lib_a-errno.o)
 .comment       0x00000000       0x3c c:/users/nukem419/appdata/local/arduino15/packages/chipkit/tools/pic32-tools/1.42-pic32gcc/bin/bin/../../lib/gcc/pic32mx/4.8.3/../../../../pic32mx/lib/size\libc.a(lib_a-impure.o)
 .comment       0x00000000       0x3c c:/users/nukem419/appdata/local/arduino15/packages/chipkit/tools/pic32-tools/1.42-pic32gcc/bin/bin/../../lib/gcc/pic32mx/4.8.3/../../../../pic32mx/lib/size\libc.a(lib_a-isspace.o)
 .comment       0x00000000       0x3c c:/users/nukem419/appdata/local/arduino15/packages/chipkit/tools/pic32-tools/1.42-pic32gcc/bin/bin/../../lib/gcc/pic32mx/4.8.3/../../../../pic32mx/lib/size\libc.a(lib_a-malloc.o)
 .comment       0x00000000       0x3c c:/users/nukem419/appdata/local/arduino15/packages/chipkit/tools/pic32-tools/1.42-pic32gcc/bin/bin/../../lib/gcc/pic32mx/4.8.3/../../../../pic32mx/lib/size\libc.a(lib_a-mallocr.o)
 .comment       0x00000000       0x3c c:/users/nukem419/appdata/local/arduino15/packages/chipkit/tools/pic32-tools/1.42-pic32gcc/bin/bin/../../lib/gcc/pic32mx/4.8.3/../../../../pic32mx/lib/size\libc.a(lib_a-memcmp.o)
 .comment       0x00000000       0x3c c:/users/nukem419/appdata/local/arduino15/packages/chipkit/tools/pic32-tools/1.42-pic32gcc/bin/bin/../../lib/gcc/pic32mx/4.8.3/../../../../pic32mx/lib/size\libc.a(lib_a-memcpy.o)
 .comment       0x00000000       0x3c c:/users/nukem419/appdata/local/arduino15/packages/chipkit/tools/pic32-tools/1.42-pic32gcc/bin/bin/../../lib/gcc/pic32mx/4.8.3/../../../../pic32mx/lib/size\libc.a(lib_a-memmove.o)
 .comment       0x00000000       0x3c c:/users/nukem419/appdata/local/arduino15/packages/chipkit/tools/pic32-tools/1.42-pic32gcc/bin/bin/../../lib/gcc/pic32mx/4.8.3/../../../../pic32mx/lib/size\libc.a(lib_a-memset.o)
 .comment       0x00000000       0x3c c:/users/nukem419/appdata/local/arduino15/packages/chipkit/tools/pic32-tools/1.42-pic32gcc/bin/bin/../../lib/gcc/pic32mx/4.8.3/../../../../pic32mx/lib/size\libc.a(lib_a-mlock.o)
 .comment       0x00000000       0x3c c:/users/nukem419/appdata/local/arduino15/packages/chipkit/tools/pic32-tools/1.42-pic32gcc/bin/bin/../../lib/gcc/pic32mx/4.8.3/../../../../pic32mx/lib/size\libc.a(lib_a-realloc.o)
 .comment       0x00000000       0x3c c:/users/nukem419/appdata/local/arduino15/packages/chipkit/tools/pic32-tools/1.42-pic32gcc/bin/bin/../../lib/gcc/pic32mx/4.8.3/../../../../pic32mx/lib/size\libc.a(lib_a-reallocr.o)
 .comment       0x00000000       0x3c c:/users/nukem419/appdata/local/arduino15/packages/chipkit/tools/pic32-tools/1.42-pic32gcc/bin/bin/../../lib/gcc/pic32mx/4.8.3/../../../../pic32mx/lib/size\libc.a(lib_a-sbrkr.o)
 .comment       0x00000000       0x3c c:/users/nukem419/appdata/local/arduino15/packages/chipkit/tools/pic32-tools/1.42-pic32gcc/bin/bin/../../lib/gcc/pic32mx/4.8.3/../../../../pic32mx/lib/size\libc.a(lib_a-signal.o)
 .comment       0x00000000       0x3c c:/users/nukem419/appdata/local/arduino15/packages/chipkit/tools/pic32-tools/1.42-pic32gcc/bin/bin/../../lib/gcc/pic32mx/4.8.3/../../../../pic32mx/lib/size\libc.a(lib_a-signalr.o)
 .comment       0x00000000       0x3c c:/users/nukem419/appdata/local/arduino15/packages/chipkit/tools/pic32-tools/1.42-pic32gcc/bin/bin/../../lib/gcc/pic32mx/4.8.3/../../../../pic32mx/lib/size\libc.a(lib_a-snprintf.o)
 .comment       0x00000000       0x3c c:/users/nukem419/appdata/local/arduino15/packages/chipkit/tools/pic32-tools/1.42-pic32gcc/bin/bin/../../lib/gcc/pic32mx/4.8.3/../../../../pic32mx/lib/size\libc.a(lib_a-strchr.o)
 .comment       0x00000000       0x3c c:/users/nukem419/appdata/local/arduino15/packages/chipkit/tools/pic32-tools/1.42-pic32gcc/bin/bin/../../lib/gcc/pic32mx/4.8.3/../../../../pic32mx/lib/size\libc.a(lib_a-strcmp.o)
 .comment       0x00000000       0x3c c:/users/nukem419/appdata/local/arduino15/packages/chipkit/tools/pic32-tools/1.42-pic32gcc/bin/bin/../../lib/gcc/pic32mx/4.8.3/../../../../pic32mx/lib/size\libc.a(lib_a-strcpy.o)
 .comment       0x00000000       0x3c c:/users/nukem419/appdata/local/arduino15/packages/chipkit/tools/pic32-tools/1.42-pic32gcc/bin/bin/../../lib/gcc/pic32mx/4.8.3/../../../../pic32mx/lib/size\libc.a(lib_a-strlen.o)
 .comment       0x00000000       0x3c c:/users/nukem419/appdata/local/arduino15/packages/chipkit/tools/pic32-tools/1.42-pic32gcc/bin/bin/../../lib/gcc/pic32mx/4.8.3/../../../../pic32mx/lib/size\libc.a(lib_a-strncmp.o)
 .comment       0x00000000       0x3c c:/users/nukem419/appdata/local/arduino15/packages/chipkit/tools/pic32-tools/1.42-pic32gcc/bin/bin/../../lib/gcc/pic32mx/4.8.3/../../../../pic32mx/lib/size\libc.a(lib_a-strncpy.o)
 .comment       0x00000000       0x3c c:/users/nukem419/appdata/local/arduino15/packages/chipkit/tools/pic32-tools/1.42-pic32gcc/bin/bin/../../lib/gcc/pic32mx/4.8.3/../../../../pic32mx/lib/size\libc.a(lib_a-strrchr.o)
 .comment       0x00000000       0x3c c:/users/nukem419/appdata/local/arduino15/packages/chipkit/tools/pic32-tools/1.42-pic32gcc/bin/bin/../../lib/gcc/pic32mx/4.8.3/../../../../pic32mx/lib/size\libc.a(lib_a-strstr.o)
 .comment       0x00000000       0x3c c:/users/nukem419/appdata/local/arduino15/packages/chipkit/tools/pic32-tools/1.42-pic32gcc/bin/bin/../../lib/gcc/pic32mx/4.8.3/../../../../pic32mx/lib/size\libc.a(lib_a-strtod.o)
 .comment       0x00000000       0x3c c:/users/nukem419/appdata/local/arduino15/packages/chipkit/tools/pic32-tools/1.42-pic32gcc/bin/bin/../../lib/gcc/pic32mx/4.8.3/../../../../pic32mx/lib/size\libc.a(lib_a-strtol.o)
 .comment       0x00000000       0x3c c:/users/nukem419/appdata/local/arduino15/packages/chipkit/tools/pic32-tools/1.42-pic32gcc/bin/bin/../../lib/gcc/pic32mx/4.8.3/../../../../pic32mx/lib/size\libc.a(lib_a-svfprintf.o)
 .comment       0x00000000       0x3c c:/users/nukem419/appdata/local/arduino15/packages/chipkit/tools/pic32-tools/1.42-pic32gcc/bin/bin/../../lib/gcc/pic32mx/4.8.3/../../../../pic32mx/lib/size\libc.a(lib_a-tolower.o)
 .comment       0x00000000       0x3c c:/users/nukem419/appdata/local/arduino15/packages/chipkit/tools/pic32-tools/1.42-pic32gcc/bin/bin/../../lib/gcc/pic32mx/4.8.3/../../../../pic32mx/lib/size\libc.a(lib_a-toupper.o)
 .comment       0x00000000       0x3c c:/users/nukem419/appdata/local/arduino15/packages/chipkit/tools/pic32-tools/1.42-pic32gcc/bin/bin/../../lib/gcc/pic32mx/4.8.3/../../../../pic32mx/lib/size\libc.a(lib_a-ctype_.o)
 .comment       0x00000000       0x3c c:/users/nukem419/appdata/local/arduino15/packages/chipkit/tools/pic32-tools/1.42-pic32gcc/bin/bin/../../lib/gcc/pic32mx/4.8.3/../../../../pic32mx/lib/size\libc.a(lib_a-dtoa.o)
 .comment       0x00000000       0x3c c:/users/nukem419/appdata/local/arduino15/packages/chipkit/tools/pic32-tools/1.42-pic32gcc/bin/bin/../../lib/gcc/pic32mx/4.8.3/../../../../pic32mx/lib/size\libc.a(lib_a-freer.o)
 .comment       0x00000000       0x3c c:/users/nukem419/appdata/local/arduino15/packages/chipkit/tools/pic32-tools/1.42-pic32gcc/bin/bin/../../lib/gcc/pic32mx/4.8.3/../../../../pic32mx/lib/size\libc.a(lib_a-gdtoa-gethex.o)
 .comment       0x00000000       0x3c c:/users/nukem419/appdata/local/arduino15/packages/chipkit/tools/pic32-tools/1.42-pic32gcc/bin/bin/../../lib/gcc/pic32mx/4.8.3/../../../../pic32mx/lib/size\libc.a(lib_a-gdtoa-hexnan.o)
 .comment       0x00000000       0x3c c:/users/nukem419/appdata/local/arduino15/packages/chipkit/tools/pic32-tools/1.42-pic32gcc/bin/bin/../../lib/gcc/pic32mx/4.8.3/../../../../pic32mx/lib/size\libc.a(lib_a-locale.o)
 .comment       0x00000000       0x3c c:/users/nukem419/appdata/local/arduino15/packages/chipkit/tools/pic32-tools/1.42-pic32gcc/bin/bin/../../lib/gcc/pic32mx/4.8.3/../../../../pic32mx/lib/size\libc.a(lib_a-memchr.o)